<?xml version="1.0" encoding="ISO-8859-1" ?>
<link_info>
   <banner>TI ARM Linker PC v20.2.7.LTS</banner>
   <copyright>Copyright (c) 1996-2018 Texas Instruments Incorporated</copyright>
   <link_time>0x65b4dc22</link_time>
   <link_errors>0x0</link_errors>
   <output_file>ECU1.out</output_file>
   <entry_point>
      <name>_c_int00_noargs</name>
      <address>0x43cd</address>
   </entry_point>
   <input_file_list>
      <input_file id="fl-2">
         <path>.\</path>
         <kind>object</kind>
         <file>Can.obj</file>
         <name>Can.obj</name>
      </input_file>
      <input_file id="fl-3">
         <path>.\</path>
         <kind>object</kind>
         <file>Det.obj</file>
         <name>Det.obj</name>
      </input_file>
      <input_file id="fl-4">
         <path>.\</path>
         <kind>object</kind>
         <file>Dio.obj</file>
         <name>Dio.obj</name>
      </input_file>
      <input_file id="fl-5">
         <path>.\</path>
         <kind>object</kind>
         <file>Dio_PBcfg.obj</file>
         <name>Dio_PBcfg.obj</name>
      </input_file>
      <input_file id="fl-6">
         <path>.\</path>
         <kind>object</kind>
         <file>Gpt.obj</file>
         <name>Gpt.obj</name>
      </input_file>
      <input_file id="fl-7">
         <path>.\</path>
         <kind>object</kind>
         <file>Mcu.obj</file>
         <name>Mcu.obj</name>
      </input_file>
      <input_file id="fl-8">
         <path>.\</path>
         <kind>object</kind>
         <file>Port.obj</file>
         <name>Port.obj</name>
      </input_file>
      <input_file id="fl-9">
         <path>.\</path>
         <kind>object</kind>
         <file>Port_PBcfg.obj</file>
         <name>Port_PBcfg.obj</name>
      </input_file>
      <input_file id="fl-a">
         <path>.\</path>
         <kind>object</kind>
         <file>SysTick.obj</file>
         <name>SysTick.obj</name>
      </input_file>
      <input_file id="fl-b">
         <path>.\</path>
         <kind>object</kind>
         <file>Systick_cfg.obj</file>
         <name>Systick_cfg.obj</name>
      </input_file>
      <input_file id="fl-c">
         <path>.\</path>
         <kind>object</kind>
         <file>UART.obj</file>
         <name>UART.obj</name>
      </input_file>
      <input_file id="fl-d">
         <path>.\</path>
         <kind>object</kind>
         <file>UART_PBcfg.obj</file>
         <name>UART_PBcfg.obj</name>
      </input_file>
      <input_file id="fl-e">
         <path>.\</path>
         <kind>object</kind>
         <file>adc.obj</file>
         <name>adc.obj</name>
      </input_file>
      <input_file id="fl-f">
         <path>.\</path>
         <kind>object</kind>
         <file>adc_cfg.obj</file>
         <name>adc_cfg.obj</name>
      </input_file>
      <input_file id="fl-10">
         <path>.\</path>
         <kind>object</kind>
         <file>app.obj</file>
         <name>app.obj</name>
      </input_file>
      <input_file id="fl-11">
         <path>.\</path>
         <kind>object</kind>
         <file>button.obj</file>
         <name>button.obj</name>
      </input_file>
      <input_file id="fl-12">
         <path>.\</path>
         <kind>object</kind>
         <file>comm_pc.obj</file>
         <name>comm_pc.obj</name>
      </input_file>
      <input_file id="fl-13">
         <path>.\</path>
         <kind>object</kind>
         <file>eeprom.obj</file>
         <name>eeprom.obj</name>
      </input_file>
      <input_file id="fl-14">
         <path>.\</path>
         <kind>object</kind>
         <file>led.obj</file>
         <name>led.obj</name>
      </input_file>
      <input_file id="fl-15">
         <path>.\</path>
         <kind>object</kind>
         <file>main.obj</file>
         <name>main.obj</name>
      </input_file>
      <input_file id="fl-16">
         <path>.\</path>
         <kind>object</kind>
         <file>scheduler.obj</file>
         <name>scheduler.obj</name>
      </input_file>
      <input_file id="fl-17">
         <path>.\</path>
         <kind>object</kind>
         <file>temp_sen.obj</file>
         <name>temp_sen.obj</name>
      </input_file>
      <input_file id="fl-18">
         <path>.\</path>
         <kind>object</kind>
         <file>tm4c123gh6pm_startup_ccs.obj</file>
         <name>tm4c123gh6pm_startup_ccs.obj</name>
      </input_file>
      <input_file id="fl-1d">
         <kind>object</kind>
         <file>&lt;internal&gt;</file>
         <name>&lt;internal&gt;</name>
      </input_file>
      <input_file id="fl-1e">
         <path>..\</path>
         <kind>archive</kind>
         <file>driverlib.lib</file>
         <name>can.obj</name>
      </input_file>
      <input_file id="fl-1f">
         <path>..\</path>
         <kind>archive</kind>
         <file>driverlib.lib</file>
         <name>gpio.obj</name>
      </input_file>
      <input_file id="fl-20">
         <path>..\</path>
         <kind>archive</kind>
         <file>driverlib.lib</file>
         <name>interrupt.obj</name>
      </input_file>
      <input_file id="fl-21">
         <path>..\</path>
         <kind>archive</kind>
         <file>driverlib.lib</file>
         <name>sysctl.obj</name>
      </input_file>
      <input_file id="fl-22">
         <path>..\</path>
         <kind>archive</kind>
         <file>driverlib.lib</file>
         <name>cpu.obj</name>
      </input_file>
      <input_file id="fl-d8">
         <path>D:\code composer\ccs\tools\compiler\ti-cgt-arm_20.2.7.LTS\lib\</path>
         <kind>archive</kind>
         <file>rtsv7M4_T_le_v4SPD16_eabi.lib</file>
         <name>fd_cmp_t2.asm.obj</name>
      </input_file>
      <input_file id="fl-d9">
         <path>D:\code composer\ccs\tools\compiler\ti-cgt-arm_20.2.7.LTS\lib\</path>
         <kind>archive</kind>
         <file>rtsv7M4_T_le_v4SPD16_eabi.lib</file>
         <name>fd_div_t2.asm.obj</name>
      </input_file>
      <input_file id="fl-da">
         <path>D:\code composer\ccs\tools\compiler\ti-cgt-arm_20.2.7.LTS\lib\</path>
         <kind>archive</kind>
         <file>rtsv7M4_T_le_v4SPD16_eabi.lib</file>
         <name>fd_mul_t2.asm.obj</name>
      </input_file>
      <input_file id="fl-db">
         <path>D:\code composer\ccs\tools\compiler\ti-cgt-arm_20.2.7.LTS\lib\</path>
         <kind>archive</kind>
         <file>rtsv7M4_T_le_v4SPD16_eabi.lib</file>
         <name>fd_tou_t2.asm.obj</name>
      </input_file>
      <input_file id="fl-dc">
         <path>D:\code composer\ccs\tools\compiler\ti-cgt-arm_20.2.7.LTS\lib\</path>
         <kind>archive</kind>
         <file>rtsv7M4_T_le_v4SPD16_eabi.lib</file>
         <name>u_tofd_t2.asm.obj</name>
      </input_file>
      <input_file id="fl-dd">
         <path>D:\code composer\ccs\tools\compiler\ti-cgt-arm_20.2.7.LTS\lib\</path>
         <kind>archive</kind>
         <file>rtsv7M4_T_le_v4SPD16_eabi.lib</file>
         <name>copy_zero_init.c.obj</name>
      </input_file>
      <input_file id="fl-de">
         <path>D:\code composer\ccs\tools\compiler\ti-cgt-arm_20.2.7.LTS\lib\</path>
         <kind>archive</kind>
         <file>rtsv7M4_T_le_v4SPD16_eabi.lib</file>
         <name>copy_decompress_none.c.obj</name>
      </input_file>
      <input_file id="fl-df">
         <path>D:\code composer\ccs\tools\compiler\ti-cgt-arm_20.2.7.LTS\lib\</path>
         <kind>archive</kind>
         <file>rtsv7M4_T_le_v4SPD16_eabi.lib</file>
         <name>copy_decompress_lzss.c.obj</name>
      </input_file>
      <input_file id="fl-e0">
         <path>D:\code composer\ccs\tools\compiler\ti-cgt-arm_20.2.7.LTS\lib\</path>
         <kind>archive</kind>
         <file>rtsv7M4_T_le_v4SPD16_eabi.lib</file>
         <name>boot_cortex_m.c.obj</name>
      </input_file>
      <input_file id="fl-e1">
         <path>D:\code composer\ccs\tools\compiler\ti-cgt-arm_20.2.7.LTS\lib\</path>
         <kind>archive</kind>
         <file>rtsv7M4_T_le_v4SPD16_eabi.lib</file>
         <name>memcpy_t2.asm.obj</name>
      </input_file>
      <input_file id="fl-e2">
         <path>D:\code composer\ccs\tools\compiler\ti-cgt-arm_20.2.7.LTS\lib\</path>
         <kind>archive</kind>
         <file>rtsv7M4_T_le_v4SPD16_eabi.lib</file>
         <name>memset_t2.asm.obj</name>
      </input_file>
      <input_file id="fl-e3">
         <path>D:\code composer\ccs\tools\compiler\ti-cgt-arm_20.2.7.LTS\lib\</path>
         <kind>archive</kind>
         <file>rtsv7M4_T_le_v4SPD16_eabi.lib</file>
         <name>autoinit.c.obj</name>
      </input_file>
      <input_file id="fl-e4">
         <path>D:\code composer\ccs\tools\compiler\ti-cgt-arm_20.2.7.LTS\lib\</path>
         <kind>archive</kind>
         <file>rtsv7M4_T_le_v4SPD16_eabi.lib</file>
         <name>pre_init.c.obj</name>
      </input_file>
      <input_file id="fl-e5">
         <path>D:\code composer\ccs\tools\compiler\ti-cgt-arm_20.2.7.LTS\lib\</path>
         <kind>archive</kind>
         <file>rtsv7M4_T_le_v4SPD16_eabi.lib</file>
         <name>cpy_tbl.c.obj</name>
      </input_file>
      <input_file id="fl-e6">
         <path>D:\code composer\ccs\tools\compiler\ti-cgt-arm_20.2.7.LTS\lib\</path>
         <kind>archive</kind>
         <file>rtsv7M4_T_le_v4SPD16_eabi.lib</file>
         <name>exit.c.obj</name>
      </input_file>
      <input_file id="fl-e7">
         <path>D:\code composer\ccs\tools\compiler\ti-cgt-arm_20.2.7.LTS\lib\</path>
         <kind>archive</kind>
         <file>rtsv7M4_T_le_v4SPD16_eabi.lib</file>
         <name>_lock.c.obj</name>
      </input_file>
      <input_file id="fl-e8">
         <path>D:\code composer\ccs\tools\compiler\ti-cgt-arm_20.2.7.LTS\lib\</path>
         <kind>archive</kind>
         <file>rtsv7M4_T_le_v4SPD16_eabi.lib</file>
         <name>args_main.c.obj</name>
      </input_file>
   </input_file_list>
   <object_component_list>
      <object_component id="oc-12">
         <name>.intvecs</name>
         <load_address>0x0</load_address>
         <run_address>0x0</run_address>
         <size>0x26c</size>
         <input_file_ref idref="fl-18"/>
      </object_component>
      <object_component id="oc-8c">
         <name>.text</name>
         <load_address>0x26c</load_address>
         <run_address>0x26c</run_address>
         <size>0x1876</size>
         <input_file_ref idref="fl-8"/>
      </object_component>
      <object_component id="oc-39">
         <name>.text</name>
         <load_address>0x1ae4</load_address>
         <run_address>0x1ae4</run_address>
         <size>0x8cc</size>
         <input_file_ref idref="fl-10"/>
      </object_component>
      <object_component id="oc-80">
         <name>.text</name>
         <load_address>0x23b0</load_address>
         <run_address>0x23b0</run_address>
         <size>0x4bc</size>
         <input_file_ref idref="fl-c"/>
      </object_component>
      <object_component id="oc-92">
         <name>.text</name>
         <load_address>0x286c</load_address>
         <run_address>0x286c</run_address>
         <size>0x488</size>
         <input_file_ref idref="fl-4"/>
      </object_component>
      <object_component id="oc-86">
         <name>.text</name>
         <load_address>0x2cf4</load_address>
         <run_address>0x2cf4</run_address>
         <size>0x38c</size>
         <input_file_ref idref="fl-e"/>
      </object_component>
      <object_component id="oc-ea">
         <name>.text</name>
         <load_address>0x3080</load_address>
         <run_address>0x3080</run_address>
         <size>0x1bc</size>
         <input_file_ref idref="fl-12"/>
      </object_component>
      <object_component id="oc-29a">
         <name>.text:GPIOPadConfigSet</name>
         <load_address>0x323c</load_address>
         <run_address>0x323c</run_address>
         <size>0x16c</size>
         <input_file_ref idref="fl-1f"/>
      </object_component>
      <object_component id="oc-113">
         <name>.text</name>
         <load_address>0x33a8</load_address>
         <run_address>0x33a8</run_address>
         <size>0x136</size>
         <input_file_ref idref="fl-d9"/>
      </object_component>
      <object_component id="oc-c4">
         <name>.text:CANMessageSet</name>
         <load_address>0x34de</load_address>
         <run_address>0x34de</run_address>
         <size>0x130</size>
         <input_file_ref idref="fl-1e"/>
      </object_component>
      <object_component id="oc-98">
         <name>.text</name>
         <load_address>0x3610</load_address>
         <run_address>0x3610</run_address>
         <size>0x130</size>
         <input_file_ref idref="fl-13"/>
      </object_component>
      <object_component id="oc-1a5">
         <name>.text:SysCtlClockGet</name>
         <load_address>0x3740</load_address>
         <run_address>0x3740</run_address>
         <size>0x118</size>
         <input_file_ref idref="fl-21"/>
      </object_component>
      <object_component id="oc-108">
         <name>.text:CANMessageGet</name>
         <load_address>0x3858</load_address>
         <run_address>0x3858</run_address>
         <size>0x116</size>
         <input_file_ref idref="fl-1e"/>
      </object_component>
      <object_component id="oc-10e">
         <name>.text</name>
         <load_address>0x396e</load_address>
         <run_address>0x396e</run_address>
         <size>0xfc</size>
         <input_file_ref idref="fl-da"/>
      </object_component>
      <object_component id="oc-187">
         <name>.text:SysCtlClockSet</name>
         <load_address>0x3a6c</load_address>
         <run_address>0x3a6c</run_address>
         <size>0xf4</size>
         <input_file_ref idref="fl-21"/>
      </object_component>
      <object_component id="oc-a7">
         <name>.text</name>
         <load_address>0x3b60</load_address>
         <run_address>0x3b60</run_address>
         <size>0xe0</size>
         <input_file_ref idref="fl-16"/>
      </object_component>
      <object_component id="oc-33">
         <name>.text</name>
         <load_address>0x3c40</load_address>
         <run_address>0x3c40</run_address>
         <size>0xc4</size>
         <input_file_ref idref="fl-a"/>
      </object_component>
      <object_component id="oc-4d">
         <name>.text</name>
         <load_address>0x3d04</load_address>
         <run_address>0x3d04</run_address>
         <size>0x9c</size>
         <input_file_ref idref="fl-e1"/>
      </object_component>
      <object_component id="oc-d4">
         <name>.text:__aeabi_cdcmple</name>
         <load_address>0x3da0</load_address>
         <run_address>0x3da0</run_address>
         <size>0x86</size>
         <input_file_ref idref="fl-d8"/>
      </object_component>
      <object_component id="oc-cf">
         <name>.text:__aeabi_cdrcmple</name>
         <load_address>0x3e26</load_address>
         <run_address>0x3e26</run_address>
         <size>0x86</size>
         <input_file_ref idref="fl-d8"/>
      </object_component>
      <object_component id="oc-207">
         <name>.text</name>
         <load_address>0x3eac</load_address>
         <run_address>0x3eac</run_address>
         <size>0x84</size>
         <input_file_ref idref="fl-6"/>
      </object_component>
      <object_component id="oc-9e">
         <name>.text</name>
         <load_address>0x3f30</load_address>
         <run_address>0x3f30</run_address>
         <size>0x80</size>
         <input_file_ref idref="fl-2"/>
      </object_component>
      <object_component id="oc-2d">
         <name>.text</name>
         <load_address>0x3fb0</load_address>
         <run_address>0x3fb0</run_address>
         <size>0x78</size>
         <input_file_ref idref="fl-7"/>
      </object_component>
      <object_component id="oc-e4">
         <name>.text</name>
         <load_address>0x4028</load_address>
         <run_address>0x4028</run_address>
         <size>0x76</size>
         <input_file_ref idref="fl-11"/>
      </object_component>
      <object_component id="oc-1ab">
         <name>.text:CANBitRateSet</name>
         <load_address>0x40a0</load_address>
         <run_address>0x40a0</run_address>
         <size>0x6c</size>
         <input_file_ref idref="fl-1e"/>
      </object_component>
      <object_component id="oc-f0">
         <name>.text</name>
         <load_address>0x410c</load_address>
         <run_address>0x410c</run_address>
         <size>0x6c</size>
         <input_file_ref idref="fl-14"/>
      </object_component>
      <object_component id="oc-1b7">
         <name>.text:IntEnable</name>
         <load_address>0x4178</load_address>
         <run_address>0x4178</run_address>
         <size>0x68</size>
         <input_file_ref idref="fl-20"/>
      </object_component>
      <object_component id="oc-15">
         <name>.text:decompress:lzss:__TI_decompress_lzss</name>
         <load_address>0x41e0</load_address>
         <run_address>0x41e0</run_address>
         <size>0x68</size>
         <input_file_ref idref="fl-df"/>
      </object_component>
      <object_component id="oc-193">
         <name>.text:GPIOPinConfigure</name>
         <load_address>0x4248</load_address>
         <run_address>0x4248</run_address>
         <size>0x4c</size>
         <input_file_ref idref="fl-1f"/>
      </object_component>
      <object_component id="oc-241">
         <name>.text:__TI_auto_init_nobinit_nopinit:__TI_auto_init_nobinit_nopinit</name>
         <load_address>0x4294</load_address>
         <run_address>0x4294</run_address>
         <size>0x44</size>
         <input_file_ref idref="fl-e3"/>
      </object_component>
      <object_component id="oc-118">
         <name>.text</name>
         <load_address>0x42d8</load_address>
         <run_address>0x42d8</run_address>
         <size>0x44</size>
         <input_file_ref idref="fl-db"/>
      </object_component>
      <object_component id="oc-fc">
         <name>.text:CANStatusGet</name>
         <load_address>0x431c</load_address>
         <run_address>0x431c</run_address>
         <size>0x40</size>
         <input_file_ref idref="fl-1e"/>
      </object_component>
      <object_component id="oc-19f">
         <name>.text:CANInit</name>
         <load_address>0x435c</load_address>
         <run_address>0x435c</run_address>
         <size>0x3a</size>
         <input_file_ref idref="fl-1e"/>
      </object_component>
      <object_component id="oc-18d">
         <name>.text:SysCtlPeripheralEnable</name>
         <load_address>0x4398</load_address>
         <run_address>0x4398</run_address>
         <size>0x34</size>
         <input_file_ref idref="fl-21"/>
      </object_component>
      <object_component id="oc-6b">
         <name>.text:_c_int00_noargs:_c_int00_noargs</name>
         <load_address>0x43cc</load_address>
         <run_address>0x43cc</run_address>
         <size>0x34</size>
         <input_file_ref idref="fl-e0"/>
      </object_component>
      <object_component id="oc-294">
         <name>.text:GPIODirModeSet</name>
         <load_address>0x4400</load_address>
         <run_address>0x4400</run_address>
         <size>0x2c</size>
         <input_file_ref idref="fl-1f"/>
      </object_component>
      <object_component id="oc-214">
         <name>.text:_CANDataRegRead</name>
         <load_address>0x442c</load_address>
         <run_address>0x442c</run_address>
         <size>0x2a</size>
         <input_file_ref idref="fl-1e"/>
      </object_component>
      <object_component id="oc-1e4">
         <name>.text:_CANDataRegWrite</name>
         <load_address>0x4456</load_address>
         <run_address>0x4456</run_address>
         <size>0x24</size>
         <input_file_ref idref="fl-1e"/>
      </object_component>
      <object_component id="oc-102">
         <name>.text:CANIntClear</name>
         <load_address>0x447a</load_address>
         <run_address>0x447a</run_address>
         <size>0x22</size>
         <input_file_ref idref="fl-1e"/>
      </object_component>
      <object_component id="oc-f6">
         <name>.text:CANIntStatus</name>
         <load_address>0x449c</load_address>
         <run_address>0x449c</run_address>
         <size>0x20</size>
         <input_file_ref idref="fl-1e"/>
      </object_component>
      <object_component id="oc-ca">
         <name>.text</name>
         <load_address>0x44bc</load_address>
         <run_address>0x44bc</run_address>
         <size>0x20</size>
         <input_file_ref idref="fl-dc"/>
      </object_component>
      <object_component id="oc-59">
         <name>.text:decompress:ZI:__TI_zero_init_nomemset:__TI_zero_init_nomemset</name>
         <load_address>0x44dc</load_address>
         <run_address>0x44dc</run_address>
         <size>0x1c</size>
         <input_file_ref idref="fl-dd"/>
      </object_component>
      <object_component id="oc-16c">
         <name>.text</name>
         <load_address>0x44f8</load_address>
         <run_address>0x44f8</run_address>
         <size>0x16</size>
         <input_file_ref idref="fl-3"/>
      </object_component>
      <object_component id="oc-199">
         <name>.text:GPIOPinTypeCAN</name>
         <load_address>0x450e</load_address>
         <run_address>0x450e</run_address>
         <size>0x16</size>
         <input_file_ref idref="fl-1f"/>
      </object_component>
      <object_component id="oc-14e">
         <name>.text</name>
         <load_address>0x4524</load_address>
         <run_address>0x4524</run_address>
         <size>0x12</size>
         <input_file_ref idref="fl-15"/>
      </object_component>
      <object_component id="oc-1b">
         <name>.text:decompress:none:__TI_decompress_none</name>
         <load_address>0x4536</load_address>
         <run_address>0x4536</run_address>
         <size>0xe</size>
         <input_file_ref idref="fl-de"/>
      </object_component>
      <object_component id="oc-27">
         <name>.text</name>
         <load_address>0x4544</load_address>
         <run_address>0x4544</run_address>
         <size>0xc</size>
         <input_file_ref idref="fl-18"/>
      </object_component>
      <object_component id="oc-1bd">
         <name>.text:CANEnable</name>
         <load_address>0x4550</load_address>
         <run_address>0x4550</run_address>
         <size>0xa</size>
         <input_file_ref idref="fl-1e"/>
      </object_component>
      <object_component id="oc-1b1">
         <name>.text:CANIntEnable</name>
         <load_address>0x455a</load_address>
         <run_address>0x455a</run_address>
         <size>0x8</size>
         <input_file_ref idref="fl-1e"/>
      </object_component>
      <object_component id="oc-1c3">
         <name>.text:SysCtlDelay</name>
         <load_address>0x4562</load_address>
         <run_address>0x4562</run_address>
         <size>0x6</size>
         <input_file_ref idref="fl-21"/>
      </object_component>
      <object_component id="oc-148">
         <name>.text:_system_pre_init</name>
         <load_address>0x4568</load_address>
         <run_address>0x4568</run_address>
         <size>0x4</size>
         <input_file_ref idref="fl-e4"/>
      </object_component>
      <object_component id="oc-235">
         <name>.text:abort:abort</name>
         <load_address>0x456c</load_address>
         <run_address>0x456c</run_address>
         <size>0x4</size>
         <input_file_ref idref="fl-e6"/>
      </object_component>
      <object_component id="oc-28f">
         <name>.const:g_pui32GPIOBaseAddrs</name>
         <load_address>0x4570</load_address>
         <run_address>0x4570</run_address>
         <size>0x90</size>
         <input_file_ref idref="fl-1f"/>
      </object_component>
      <object_component id="oc-2a2">
         <name>.const:g_pui32Xtals</name>
         <load_address>0x4600</load_address>
         <run_address>0x4600</run_address>
         <size>0x6c</size>
         <input_file_ref idref="fl-21"/>
      </object_component>
      <object_component id="oc-b3">
         <name>.const:Port_Configuration</name>
         <load_address>0x466c</load_address>
         <run_address>0x466c</run_address>
         <size>0x48</size>
         <input_file_ref idref="fl-9"/>
      </object_component>
      <object_component id="oc-2a6">
         <name>.const:g_ui16CANBitValues</name>
         <load_address>0x46b4</load_address>
         <run_address>0x46b4</run_address>
         <size>0x20</size>
         <input_file_ref idref="fl-1e"/>
      </object_component>
      <object_component id="oc-2ab">
         <name>.const:g_pui32EnRegs</name>
         <load_address>0x46d4</load_address>
         <run_address>0x46d4</run_address>
         <size>0x14</size>
         <input_file_ref idref="fl-20"/>
      </object_component>
      <object_component id="oc-b6">
         <name>.const:Dio_Configuration</name>
         <load_address>0x46e8</load_address>
         <run_address>0x46e8</run_address>
         <size>0xa</size>
         <input_file_ref idref="fl-5"/>
      </object_component>
      <object_component id="oc-37e">
         <name>.cinit..data.load</name>
         <load_address>0x46f8</load_address>
         <run_address>0x46f8</run_address>
         <size>0x30</size>
      </object_component>
      <object_component id="oc-37c">
         <name>__TI_handler_table</name>
         <load_address>0x4728</load_address>
         <run_address>0x4728</run_address>
         <size>0xc</size>
      </object_component>
      <object_component id="oc-37f">
         <name>.cinit..bss.load</name>
         <load_address>0x4738</load_address>
         <run_address>0x4738</run_address>
         <size>0x8</size>
      </object_component>
      <object_component id="oc-37d">
         <name>__TI_cinit_table</name>
         <load_address>0x4740</load_address>
         <run_address>0x4740</run_address>
         <size>0x10</size>
      </object_component>
      <object_component id="oc-17c">
         <name>.data</name>
         <load_address>0x20000320</load_address>
         <run_address>0x20000320</run_address>
         <size>0x5</size>
         <input_file_ref idref="fl-4"/>
      </object_component>
      <object_component id="oc-172">
         <name>.data</name>
         <load_address>0x2000031e</load_address>
         <run_address>0x2000031e</run_address>
         <size>0x1</size>
         <input_file_ref idref="fl-8"/>
      </object_component>
      <object_component id="oc-ba">
         <name>.data</name>
         <load_address>0x20000304</load_address>
         <run_address>0x20000304</run_address>
         <size>0xc</size>
         <input_file_ref idref="fl-a"/>
      </object_component>
      <object_component id="oc-a4">
         <name>.data:config_systick_timer</name>
         <load_address>0x20000326</load_address>
         <run_address>0x20000326</run_address>
         <size>0x4</size>
         <input_file_ref idref="fl-b"/>
      </object_component>
      <object_component id="oc-ad">
         <name>.data:UART_PBConfiguration</name>
         <load_address>0x20000318</load_address>
         <run_address>0x20000318</run_address>
         <size>0x6</size>
         <input_file_ref idref="fl-d"/>
      </object_component>
      <object_component id="oc-167">
         <name>.data</name>
         <load_address>0x200002e0</load_address>
         <run_address>0x200002e0</run_address>
         <size>0x24</size>
         <input_file_ref idref="fl-e"/>
      </object_component>
      <object_component id="oc-b0">
         <name>.data:ADC_Configuartions</name>
         <load_address>0x200002dd</load_address>
         <run_address>0x200002dd</run_address>
         <size>0x3</size>
         <input_file_ref idref="fl-f"/>
      </object_component>
      <object_component id="oc-e1">
         <name>.data</name>
         <load_address>0x200002a8</load_address>
         <run_address>0x200002a8</run_address>
         <size>0x35</size>
         <input_file_ref idref="fl-10"/>
      </object_component>
      <object_component id="oc-1d0">
         <name>.data</name>
         <load_address>0x20000310</load_address>
         <run_address>0x20000310</run_address>
         <size>0x8</size>
         <input_file_ref idref="fl-16"/>
      </object_component>
      <object_component id="oc-d9">
         <name>.common:sCANMessage</name>
         <uninitialized>true</uninitialized>
         <run_address>0x2000026c</run_address>
         <size>0x14</size>
      </object_component>
      <object_component id="oc-de">
         <name>.common:KeepAliveMessage</name>
         <uninitialized>true</uninitialized>
         <run_address>0x20000244</run_address>
         <size>0x14</size>
      </object_component>
      <object_component id="oc-df">
         <name>.common:VoltageMsg</name>
         <uninitialized>true</uninitialized>
         <run_address>0x20000258</run_address>
         <size>0x14</size>
      </object_component>
      <object_component id="oc-e0">
         <name>.common:ButtonMsg</name>
         <uninitialized>true</uninitialized>
         <run_address>0x20000230</run_address>
         <size>0x14</size>
      </object_component>
      <object_component id="oc-11d">
         <name>.common:pui8MsgData</name>
         <uninitialized>true</uninitialized>
         <run_address>0x20000288</run_address>
         <size>0x8</size>
      </object_component>
      <object_component id="oc-11e">
         <name>.common:pui8VoltageData</name>
         <uninitialized>true</uninitialized>
         <run_address>0x20000290</run_address>
         <size>0x8</size>
      </object_component>
      <object_component id="oc-11f">
         <name>.common:pui8ButtonData</name>
         <uninitialized>true</uninitialized>
         <run_address>0x20000280</run_address>
         <size>0x8</size>
      </object_component>
      <object_component id="oc-dd">
         <name>.common:ui32KeepAliveData</name>
         <uninitialized>true</uninitialized>
         <run_address>0x200002a4</run_address>
         <size>0x4</size>
      </object_component>
      <object_component id="oc-dc">
         <name>.common:pui8KeepAliveData</name>
         <uninitialized>true</uninitialized>
         <run_address>0x200002a0</run_address>
         <size>0x4</size>
      </object_component>
      <object_component id="oc-1cc">
         <name>.common:t_identifier</name>
         <uninitialized>true</uninitialized>
         <run_address>0x20000298</run_address>
         <size>0x8</size>
      </object_component>
      <object_component id="oc-1cf">
         <name>.common:array</name>
         <uninitialized>true</uninitialized>
         <run_address>0x20000200</run_address>
         <size>0x30</size>
      </object_component>
      <object_component id="oc-24">
         <name>.stack</name>
         <uninitialized>true</uninitialized>
         <run_address>0x20000000</run_address>
         <size>0x4</size>
         <input_file_ref idref="fl-e0"/>
      </object_component>
      <object_component id="oc-381">
         <name>.stack</name>
         <uninitialized>true</uninitialized>
         <run_address>0x20000000</run_address>
         <size>0x0</size>
      </object_component>
      <object_component id="oc-223">
         <name>.debug_info</name>
         <load_address>0x0</load_address>
         <run_address>0x0</run_address>
         <size>0x461</size>
         <input_file_ref idref="fl-2"/>
      </object_component>
      <object_component id="oc-a2">
         <name>.debug_info</name>
         <load_address>0x461</load_address>
         <run_address>0x461</run_address>
         <size>0x251</size>
         <input_file_ref idref="fl-2"/>
      </object_component>
      <object_component id="oc-1fb">
         <name>.debug_info</name>
         <load_address>0x6b2</load_address>
         <run_address>0x6b2</run_address>
         <size>0x1b3</size>
         <input_file_ref idref="fl-2"/>
      </object_component>
      <object_component id="oc-128">
         <name>.debug_info</name>
         <load_address>0x865</load_address>
         <run_address>0x865</run_address>
         <size>0x26b</size>
         <input_file_ref idref="fl-2"/>
      </object_component>
      <object_component id="oc-48">
         <name>.debug_info</name>
         <load_address>0xad0</load_address>
         <run_address>0xad0</run_address>
         <size>0x84</size>
         <input_file_ref idref="fl-2"/>
      </object_component>
      <object_component id="oc-21e">
         <name>.debug_info</name>
         <load_address>0xb54</load_address>
         <run_address>0xb54</run_address>
         <size>0x2a4</size>
         <input_file_ref idref="fl-2"/>
      </object_component>
      <object_component id="oc-121">
         <name>.debug_info</name>
         <load_address>0xdf8</load_address>
         <run_address>0xdf8</run_address>
         <size>0xbb</size>
         <input_file_ref idref="fl-2"/>
      </object_component>
      <object_component id="oc-170">
         <name>.debug_info</name>
         <load_address>0xeb3</load_address>
         <run_address>0xeb3</run_address>
         <size>0x1ce</size>
         <input_file_ref idref="fl-3"/>
      </object_component>
      <object_component id="oc-27f">
         <name>.debug_info</name>
         <load_address>0x1081</load_address>
         <run_address>0x1081</run_address>
         <size>0xa7</size>
         <input_file_ref idref="fl-3"/>
      </object_component>
      <object_component id="oc-bf">
         <name>.debug_info</name>
         <load_address>0x1128</load_address>
         <run_address>0x1128</run_address>
         <size>0xae</size>
         <input_file_ref idref="fl-3"/>
      </object_component>
      <object_component id="oc-180">
         <name>.debug_info</name>
         <load_address>0x11d6</load_address>
         <run_address>0x11d6</run_address>
         <size>0x2cc</size>
         <input_file_ref idref="fl-4"/>
      </object_component>
      <object_component id="oc-17d">
         <name>.debug_info</name>
         <load_address>0x14a2</load_address>
         <run_address>0x14a2</run_address>
         <size>0x109</size>
         <input_file_ref idref="fl-4"/>
      </object_component>
      <object_component id="oc-93">
         <name>.debug_info</name>
         <load_address>0x15ab</load_address>
         <run_address>0x15ab</run_address>
         <size>0x6a8</size>
         <input_file_ref idref="fl-4"/>
      </object_component>
      <object_component id="oc-300">
         <name>.debug_info</name>
         <load_address>0x1c53</load_address>
         <run_address>0x1c53</run_address>
         <size>0x292</size>
         <input_file_ref idref="fl-4"/>
      </object_component>
      <object_component id="oc-181">
         <name>.debug_info</name>
         <load_address>0x1ee5</load_address>
         <run_address>0x1ee5</run_address>
         <size>0x114</size>
         <input_file_ref idref="fl-4"/>
      </object_component>
      <object_component id="oc-1df">
         <name>.debug_info</name>
         <load_address>0x1ff9</load_address>
         <run_address>0x1ff9</run_address>
         <size>0xce</size>
         <input_file_ref idref="fl-5"/>
      </object_component>
      <object_component id="oc-b7">
         <name>.debug_info</name>
         <load_address>0x20c7</load_address>
         <run_address>0x20c7</run_address>
         <size>0xee</size>
         <input_file_ref idref="fl-5"/>
      </object_component>
      <object_component id="oc-2da">
         <name>.debug_info</name>
         <load_address>0x21b5</load_address>
         <run_address>0x21b5</run_address>
         <size>0x254</size>
         <input_file_ref idref="fl-6"/>
      </object_component>
      <object_component id="oc-20b">
         <name>.debug_info</name>
         <load_address>0x2409</load_address>
         <run_address>0x2409</run_address>
         <size>0x139</size>
         <input_file_ref idref="fl-6"/>
      </object_component>
      <object_component id="oc-31e">
         <name>.debug_info</name>
         <load_address>0x2542</load_address>
         <run_address>0x2542</run_address>
         <size>0x513</size>
         <input_file_ref idref="fl-7"/>
      </object_component>
      <object_component id="oc-2e">
         <name>.debug_info</name>
         <load_address>0x2a55</load_address>
         <run_address>0x2a55</run_address>
         <size>0x236</size>
         <input_file_ref idref="fl-7"/>
      </object_component>
      <object_component id="oc-279">
         <name>.debug_info</name>
         <load_address>0x2c8b</load_address>
         <run_address>0x2c8b</run_address>
         <size>0xc4</size>
         <input_file_ref idref="fl-7"/>
      </object_component>
      <object_component id="oc-161">
         <name>.debug_info</name>
         <load_address>0x2d4f</load_address>
         <run_address>0x2d4f</run_address>
         <size>0x1f5</size>
         <input_file_ref idref="fl-7"/>
      </object_component>
      <object_component id="oc-1c7">
         <name>.debug_info</name>
         <load_address>0x2f44</load_address>
         <run_address>0x2f44</run_address>
         <size>0x87</size>
         <input_file_ref idref="fl-7"/>
      </object_component>
      <object_component id="oc-177">
         <name>.debug_info</name>
         <load_address>0x2fcb</load_address>
         <run_address>0x2fcb</run_address>
         <size>0x217</size>
         <input_file_ref idref="fl-7"/>
      </object_component>
      <object_component id="oc-2b3">
         <name>.debug_info</name>
         <load_address>0x31e2</load_address>
         <run_address>0x31e2</run_address>
         <size>0x5e</size>
         <input_file_ref idref="fl-7"/>
      </object_component>
      <object_component id="oc-176">
         <name>.debug_info</name>
         <load_address>0x3240</load_address>
         <run_address>0x3240</run_address>
         <size>0x2eb</size>
         <input_file_ref idref="fl-8"/>
      </object_component>
      <object_component id="oc-173">
         <name>.debug_info</name>
         <load_address>0x352b</load_address>
         <run_address>0x352b</run_address>
         <size>0xdc</size>
         <input_file_ref idref="fl-8"/>
      </object_component>
      <object_component id="oc-90">
         <name>.debug_info</name>
         <load_address>0x3607</load_address>
         <run_address>0x3607</run_address>
         <size>0x7a6</size>
         <input_file_ref idref="fl-8"/>
      </object_component>
      <object_component id="oc-1dc">
         <name>.debug_info</name>
         <load_address>0x3dad</load_address>
         <run_address>0x3dad</run_address>
         <size>0xcf</size>
         <input_file_ref idref="fl-9"/>
      </object_component>
      <object_component id="oc-b4">
         <name>.debug_info</name>
         <load_address>0x3e7c</load_address>
         <run_address>0x3e7c</run_address>
         <size>0xf1</size>
         <input_file_ref idref="fl-9"/>
      </object_component>
      <object_component id="oc-be">
         <name>.debug_info</name>
         <load_address>0x3f6d</load_address>
         <run_address>0x3f6d</run_address>
         <size>0x261</size>
         <input_file_ref idref="fl-a"/>
      </object_component>
      <object_component id="oc-bb">
         <name>.debug_info</name>
         <load_address>0x41ce</load_address>
         <run_address>0x41ce</run_address>
         <size>0x14f</size>
         <input_file_ref idref="fl-a"/>
      </object_component>
      <object_component id="oc-34">
         <name>.debug_info</name>
         <load_address>0x431d</load_address>
         <run_address>0x431d</run_address>
         <size>0x304</size>
         <input_file_ref idref="fl-a"/>
      </object_component>
      <object_component id="oc-a5">
         <name>.debug_info</name>
         <load_address>0x4621</load_address>
         <run_address>0x4621</run_address>
         <size>0xf6</size>
         <input_file_ref idref="fl-b"/>
      </object_component>
      <object_component id="oc-166">
         <name>.debug_info</name>
         <load_address>0x4717</load_address>
         <run_address>0x4717</run_address>
         <size>0x272</size>
         <input_file_ref idref="fl-c"/>
      </object_component>
      <object_component id="oc-82">
         <name>.debug_info</name>
         <load_address>0x4989</load_address>
         <run_address>0x4989</run_address>
         <size>0x656</size>
         <input_file_ref idref="fl-c"/>
      </object_component>
      <object_component id="oc-1d6">
         <name>.debug_info</name>
         <load_address>0x4fdf</load_address>
         <run_address>0x4fdf</run_address>
         <size>0xca</size>
         <input_file_ref idref="fl-d"/>
      </object_component>
      <object_component id="oc-ae">
         <name>.debug_info</name>
         <load_address>0x50a9</load_address>
         <run_address>0x50a9</run_address>
         <size>0xf5</size>
         <input_file_ref idref="fl-d"/>
      </object_component>
      <object_component id="oc-16b">
         <name>.debug_info</name>
         <load_address>0x519e</load_address>
         <run_address>0x519e</run_address>
         <size>0x2b4</size>
         <input_file_ref idref="fl-e"/>
      </object_component>
      <object_component id="oc-168">
         <name>.debug_info</name>
         <load_address>0x5452</load_address>
         <run_address>0x5452</run_address>
         <size>0x252</size>
         <input_file_ref idref="fl-e"/>
      </object_component>
      <object_component id="oc-88">
         <name>.debug_info</name>
         <load_address>0x56a4</load_address>
         <run_address>0x56a4</run_address>
         <size>0x2d4</size>
         <input_file_ref idref="fl-e"/>
      </object_component>
      <object_component id="oc-1d9">
         <name>.debug_info</name>
         <load_address>0x5978</load_address>
         <run_address>0x5978</run_address>
         <size>0xc7</size>
         <input_file_ref idref="fl-f"/>
      </object_component>
      <object_component id="oc-b1">
         <name>.debug_info</name>
         <load_address>0x5a3f</load_address>
         <run_address>0x5a3f</run_address>
         <size>0xee</size>
         <input_file_ref idref="fl-f"/>
      </object_component>
      <object_component id="oc-2be">
         <name>.debug_info</name>
         <load_address>0x5b2d</load_address>
         <run_address>0x5b2d</run_address>
         <size>0xc4</size>
         <input_file_ref idref="fl-f"/>
      </object_component>
      <object_component id="oc-da">
         <name>.debug_info</name>
         <load_address>0x5bf1</load_address>
         <run_address>0x5bf1</run_address>
         <size>0x69e</size>
         <input_file_ref idref="fl-10"/>
      </object_component>
      <object_component id="oc-e2">
         <name>.debug_info</name>
         <load_address>0x628f</load_address>
         <run_address>0x628f</run_address>
         <size>0x3fe</size>
         <input_file_ref idref="fl-10"/>
      </object_component>
      <object_component id="oc-3d">
         <name>.debug_info</name>
         <load_address>0x668d</load_address>
         <run_address>0x668d</run_address>
         <size>0x7e7</size>
         <input_file_ref idref="fl-10"/>
      </object_component>
      <object_component id="oc-200">
         <name>.debug_info</name>
         <load_address>0x6e74</load_address>
         <run_address>0x6e74</run_address>
         <size>0x5a</size>
         <input_file_ref idref="fl-10"/>
      </object_component>
      <object_component id="oc-1f1">
         <name>.debug_info</name>
         <load_address>0x6ece</load_address>
         <run_address>0x6ece</run_address>
         <size>0x8b</size>
         <input_file_ref idref="fl-10"/>
      </object_component>
      <object_component id="oc-e6">
         <name>.debug_info</name>
         <load_address>0x6f59</load_address>
         <run_address>0x6f59</run_address>
         <size>0x25c</size>
         <input_file_ref idref="fl-11"/>
      </object_component>
      <object_component id="oc-20f">
         <name>.debug_info</name>
         <load_address>0x71b5</load_address>
         <run_address>0x71b5</run_address>
         <size>0x2b8</size>
         <input_file_ref idref="fl-12"/>
      </object_component>
      <object_component id="oc-ec">
         <name>.debug_info</name>
         <load_address>0x746d</load_address>
         <run_address>0x746d</run_address>
         <size>0x446</size>
         <input_file_ref idref="fl-12"/>
      </object_component>
      <object_component id="oc-99">
         <name>.debug_info</name>
         <load_address>0x78b3</load_address>
         <run_address>0x78b3</run_address>
         <size>0x3df</size>
         <input_file_ref idref="fl-13"/>
      </object_component>
      <object_component id="oc-f1">
         <name>.debug_info</name>
         <load_address>0x7c92</load_address>
         <run_address>0x7c92</run_address>
         <size>0x31b</size>
         <input_file_ref idref="fl-14"/>
      </object_component>
      <object_component id="oc-150">
         <name>.debug_info</name>
         <load_address>0x7fad</load_address>
         <run_address>0x7fad</run_address>
         <size>0x12a</size>
         <input_file_ref idref="fl-15"/>
      </object_component>
      <object_component id="oc-1cd">
         <name>.debug_info</name>
         <load_address>0x80d7</load_address>
         <run_address>0x80d7</run_address>
         <size>0x323</size>
         <input_file_ref idref="fl-16"/>
      </object_component>
      <object_component id="oc-1d1">
         <name>.debug_info</name>
         <load_address>0x83fa</load_address>
         <run_address>0x83fa</run_address>
         <size>0xeb</size>
         <input_file_ref idref="fl-16"/>
      </object_component>
      <object_component id="oc-a8">
         <name>.debug_info</name>
         <load_address>0x84e5</load_address>
         <run_address>0x84e5</run_address>
         <size>0x26b</size>
         <input_file_ref idref="fl-16"/>
      </object_component>
      <object_component id="oc-41">
         <name>.debug_info</name>
         <load_address>0x8750</load_address>
         <run_address>0x8750</run_address>
         <size>0x326</size>
         <input_file_ref idref="fl-18"/>
      </object_component>
      <object_component id="oc-13">
         <name>.debug_info</name>
         <load_address>0x8a76</load_address>
         <run_address>0x8a76</run_address>
         <size>0xf3</size>
         <input_file_ref idref="fl-18"/>
      </object_component>
      <object_component id="oc-29">
         <name>.debug_info</name>
         <load_address>0x8b69</load_address>
         <run_address>0x8b69</run_address>
         <size>0x26f</size>
         <input_file_ref idref="fl-18"/>
      </object_component>
      <object_component id="oc-1f0">
         <name>.debug_info</name>
         <load_address>0x8dd8</load_address>
         <run_address>0x8dd8</run_address>
         <size>0x3d0</size>
         <input_file_ref idref="fl-1e"/>
      </object_component>
      <object_component id="oc-2a7">
         <name>.debug_info</name>
         <load_address>0x91a8</load_address>
         <run_address>0x91a8</run_address>
         <size>0x15f</size>
         <input_file_ref idref="fl-1e"/>
      </object_component>
      <object_component id="oc-100">
         <name>.debug_info</name>
         <load_address>0x9307</load_address>
         <run_address>0x9307</run_address>
         <size>0x28f</size>
         <input_file_ref idref="fl-1e"/>
      </object_component>
      <object_component id="oc-1e6">
         <name>.debug_info</name>
         <load_address>0x9596</load_address>
         <run_address>0x9596</run_address>
         <size>0x2e6</size>
         <input_file_ref idref="fl-1e"/>
      </object_component>
      <object_component id="oc-c6">
         <name>.debug_info</name>
         <load_address>0x987c</load_address>
         <run_address>0x987c</run_address>
         <size>0x41c</size>
         <input_file_ref idref="fl-1e"/>
      </object_component>
      <object_component id="oc-216">
         <name>.debug_info</name>
         <load_address>0x9c98</load_address>
         <run_address>0x9c98</run_address>
         <size>0x2e7</size>
         <input_file_ref idref="fl-1e"/>
      </object_component>
      <object_component id="oc-10a">
         <name>.debug_info</name>
         <load_address>0x9f7f</load_address>
         <run_address>0x9f7f</run_address>
         <size>0x3f1</size>
         <input_file_ref idref="fl-1e"/>
      </object_component>
      <object_component id="oc-f8">
         <name>.debug_info</name>
         <load_address>0xa370</load_address>
         <run_address>0xa370</run_address>
         <size>0x295</size>
         <input_file_ref idref="fl-1e"/>
      </object_component>
      <object_component id="oc-1b3">
         <name>.debug_info</name>
         <load_address>0xa605</load_address>
         <run_address>0xa605</run_address>
         <size>0x293</size>
         <input_file_ref idref="fl-1e"/>
      </object_component>
      <object_component id="oc-104">
         <name>.debug_info</name>
         <load_address>0xa898</load_address>
         <run_address>0xa898</run_address>
         <size>0x28f</size>
         <input_file_ref idref="fl-1e"/>
      </object_component>
      <object_component id="oc-1a1">
         <name>.debug_info</name>
         <load_address>0xab27</load_address>
         <run_address>0xab27</run_address>
         <size>0x275</size>
         <input_file_ref idref="fl-1e"/>
      </object_component>
      <object_component id="oc-1bf">
         <name>.debug_info</name>
         <load_address>0xad9c</load_address>
         <run_address>0xad9c</run_address>
         <size>0x24b</size>
         <input_file_ref idref="fl-1e"/>
      </object_component>
      <object_component id="oc-1ae">
         <name>.debug_info</name>
         <load_address>0xafe7</load_address>
         <run_address>0xafe7</run_address>
         <size>0x369</size>
         <input_file_ref idref="fl-1e"/>
      </object_component>
      <object_component id="oc-2cf">
         <name>.debug_info</name>
         <load_address>0xb350</load_address>
         <run_address>0xb350</run_address>
         <size>0x1b3</size>
         <input_file_ref idref="fl-1e"/>
      </object_component>
      <object_component id="oc-2d4">
         <name>.debug_info</name>
         <load_address>0xb503</load_address>
         <run_address>0xb503</run_address>
         <size>0x26b</size>
         <input_file_ref idref="fl-1e"/>
      </object_component>
      <object_component id="oc-2c8">
         <name>.debug_info</name>
         <load_address>0xb76e</load_address>
         <run_address>0xb76e</run_address>
         <size>0x297</size>
         <input_file_ref idref="fl-1e"/>
      </object_component>
      <object_component id="oc-30b">
         <name>.debug_info</name>
         <load_address>0xba05</load_address>
         <run_address>0xba05</run_address>
         <size>0xef</size>
         <input_file_ref idref="fl-1e"/>
      </object_component>
      <object_component id="oc-1eb">
         <name>.debug_info</name>
         <load_address>0xbaf4</load_address>
         <run_address>0xbaf4</run_address>
         <size>0xbb</size>
         <input_file_ref idref="fl-1e"/>
      </object_component>
      <object_component id="oc-293">
         <name>.debug_info</name>
         <load_address>0xbbaf</load_address>
         <run_address>0xbbaf</run_address>
         <size>0x3e4</size>
         <input_file_ref idref="fl-1f"/>
      </object_component>
      <object_component id="oc-290">
         <name>.debug_info</name>
         <load_address>0xbf93</load_address>
         <run_address>0xbf93</run_address>
         <size>0x164</size>
         <input_file_ref idref="fl-1f"/>
      </object_component>
      <object_component id="oc-297">
         <name>.debug_info</name>
         <load_address>0xc0f7</load_address>
         <run_address>0xc0f7</run_address>
         <size>0x2bc</size>
         <input_file_ref idref="fl-1f"/>
      </object_component>
      <object_component id="oc-29d">
         <name>.debug_info</name>
         <load_address>0xc3b3</load_address>
         <run_address>0xc3b3</run_address>
         <size>0x31f</size>
         <input_file_ref idref="fl-1f"/>
      </object_component>
      <object_component id="oc-19c">
         <name>.debug_info</name>
         <load_address>0xc6d2</load_address>
         <run_address>0xc6d2</run_address>
         <size>0x299</size>
         <input_file_ref idref="fl-1f"/>
      </object_component>
      <object_component id="oc-196">
         <name>.debug_info</name>
         <load_address>0xc96b</load_address>
         <run_address>0xc96b</run_address>
         <size>0x289</size>
         <input_file_ref idref="fl-1f"/>
      </object_component>
      <object_component id="oc-2af">
         <name>.debug_info</name>
         <load_address>0xcbf4</load_address>
         <run_address>0xcbf4</run_address>
         <size>0x3b7</size>
         <input_file_ref idref="fl-20"/>
      </object_component>
      <object_component id="oc-2ac">
         <name>.debug_info</name>
         <load_address>0xcfab</load_address>
         <run_address>0xcfab</run_address>
         <size>0x15b</size>
         <input_file_ref idref="fl-20"/>
      </object_component>
      <object_component id="oc-1b8">
         <name>.debug_info</name>
         <load_address>0xd106</load_address>
         <run_address>0xd106</run_address>
         <size>0x271</size>
         <input_file_ref idref="fl-20"/>
      </object_component>
      <object_component id="oc-28d">
         <name>.debug_info</name>
         <load_address>0xd377</load_address>
         <run_address>0xd377</run_address>
         <size>0x441</size>
         <input_file_ref idref="fl-21"/>
      </object_component>
      <object_component id="oc-2a3">
         <name>.debug_info</name>
         <load_address>0xd7b8</load_address>
         <run_address>0xd7b8</run_address>
         <size>0x156</size>
         <input_file_ref idref="fl-21"/>
      </object_component>
      <object_component id="oc-18e">
         <name>.debug_info</name>
         <load_address>0xd90e</load_address>
         <run_address>0xd90e</run_address>
         <size>0x286</size>
         <input_file_ref idref="fl-21"/>
      </object_component>
      <object_component id="oc-188">
         <name>.debug_info</name>
         <load_address>0xdb94</load_address>
         <run_address>0xdb94</run_address>
         <size>0x2e4</size>
         <input_file_ref idref="fl-21"/>
      </object_component>
      <object_component id="oc-1a6">
         <name>.debug_info</name>
         <load_address>0xde78</load_address>
         <run_address>0xde78</run_address>
         <size>0x2be</size>
         <input_file_ref idref="fl-21"/>
      </object_component>
      <object_component id="oc-307">
         <name>.debug_info</name>
         <load_address>0xe136</load_address>
         <run_address>0xe136</run_address>
         <size>0x51</size>
         <input_file_ref idref="fl-21"/>
      </object_component>
      <object_component id="oc-d6">
         <name>.debug_info</name>
         <load_address>0xe187</load_address>
         <run_address>0xe187</run_address>
         <size>0x128</size>
         <input_file_ref idref="fl-d8"/>
      </object_component>
      <object_component id="oc-d1">
         <name>.debug_info</name>
         <load_address>0xe2af</load_address>
         <run_address>0xe2af</run_address>
         <size>0x12a</size>
         <input_file_ref idref="fl-d8"/>
      </object_component>
      <object_component id="oc-115">
         <name>.debug_info</name>
         <load_address>0xe3d9</load_address>
         <run_address>0xe3d9</run_address>
         <size>0x13a</size>
         <input_file_ref idref="fl-d9"/>
      </object_component>
      <object_component id="oc-111">
         <name>.debug_info</name>
         <load_address>0xe513</load_address>
         <run_address>0xe513</run_address>
         <size>0x13a</size>
         <input_file_ref idref="fl-da"/>
      </object_component>
      <object_component id="oc-11b">
         <name>.debug_info</name>
         <load_address>0xe64d</load_address>
         <run_address>0xe64d</run_address>
         <size>0x139</size>
         <input_file_ref idref="fl-db"/>
      </object_component>
      <object_component id="oc-cb">
         <name>.debug_info</name>
         <load_address>0xe786</load_address>
         <run_address>0xe786</run_address>
         <size>0x12e</size>
         <input_file_ref idref="fl-dc"/>
      </object_component>
      <object_component id="oc-141">
         <name>.debug_info</name>
         <load_address>0xe8b4</load_address>
         <run_address>0xe8b4</run_address>
         <size>0x2d4</size>
         <input_file_ref idref="fl-dd"/>
      </object_component>
      <object_component id="oc-5a">
         <name>.debug_info</name>
         <load_address>0xeb88</load_address>
         <run_address>0xeb88</run_address>
         <size>0x1d2</size>
         <input_file_ref idref="fl-dd"/>
      </object_component>
      <object_component id="oc-13c">
         <name>.debug_info</name>
         <load_address>0xed5a</load_address>
         <run_address>0xed5a</run_address>
         <size>0x46</size>
         <input_file_ref idref="fl-dd"/>
      </object_component>
      <object_component id="oc-22b">
         <name>.debug_info</name>
         <load_address>0xeda0</load_address>
         <run_address>0xeda0</run_address>
         <size>0x2c</size>
         <input_file_ref idref="fl-dd"/>
      </object_component>
      <object_component id="oc-58">
         <name>.debug_info</name>
         <load_address>0xedcc</load_address>
         <run_address>0xedcc</run_address>
         <size>0x2a8</size>
         <input_file_ref idref="fl-de"/>
      </object_component>
      <object_component id="oc-1e">
         <name>.debug_info</name>
         <load_address>0xf074</load_address>
         <run_address>0xf074</run_address>
         <size>0x1ea</size>
         <input_file_ref idref="fl-de"/>
      </object_component>
      <object_component id="oc-53">
         <name>.debug_info</name>
         <load_address>0xf25e</load_address>
         <run_address>0xf25e</run_address>
         <size>0x46</size>
         <input_file_ref idref="fl-de"/>
      </object_component>
      <object_component id="oc-134">
         <name>.debug_info</name>
         <load_address>0xf2a4</load_address>
         <run_address>0xf2a4</run_address>
         <size>0x2c</size>
         <input_file_ref idref="fl-de"/>
      </object_component>
      <object_component id="oc-132">
         <name>.debug_info</name>
         <load_address>0xf2d0</load_address>
         <run_address>0xf2d0</run_address>
         <size>0x29e</size>
         <input_file_ref idref="fl-df"/>
      </object_component>
      <object_component id="oc-19">
         <name>.debug_info</name>
         <load_address>0xf56e</load_address>
         <run_address>0xf56e</run_address>
         <size>0x250</size>
         <input_file_ref idref="fl-df"/>
      </object_component>
      <object_component id="oc-43">
         <name>.debug_info</name>
         <load_address>0xf7be</load_address>
         <run_address>0xf7be</run_address>
         <size>0x60</size>
         <input_file_ref idref="fl-df"/>
      </object_component>
      <object_component id="oc-224">
         <name>.debug_info</name>
         <load_address>0xf81e</load_address>
         <run_address>0xf81e</run_address>
         <size>0x46</size>
         <input_file_ref idref="fl-df"/>
      </object_component>
      <object_component id="oc-12d">
         <name>.debug_info</name>
         <load_address>0xf864</load_address>
         <run_address>0xf864</run_address>
         <size>0x39</size>
         <input_file_ref idref="fl-df"/>
      </object_component>
      <object_component id="oc-25">
         <name>.debug_info</name>
         <load_address>0xf89d</load_address>
         <run_address>0xf89d</run_address>
         <size>0x10b</size>
         <input_file_ref idref="fl-e0"/>
      </object_component>
      <object_component id="oc-6d">
         <name>.debug_info</name>
         <load_address>0xf9a8</load_address>
         <run_address>0xf9a8</run_address>
         <size>0x1a9</size>
         <input_file_ref idref="fl-e0"/>
      </object_component>
      <object_component id="oc-4e">
         <name>.debug_info</name>
         <load_address>0xfb51</load_address>
         <run_address>0xfb51</run_address>
         <size>0x119</size>
         <input_file_ref idref="fl-e1"/>
      </object_component>
      <object_component id="oc-2eb">
         <name>.debug_info</name>
         <load_address>0xfc6a</load_address>
         <run_address>0xfc6a</run_address>
         <size>0x4b3</size>
         <input_file_ref idref="fl-e3"/>
      </object_component>
      <object_component id="oc-243">
         <name>.debug_info</name>
         <load_address>0x1011d</load_address>
         <run_address>0x1011d</run_address>
         <size>0x1a6</size>
         <input_file_ref idref="fl-e3"/>
      </object_component>
      <object_component id="oc-331">
         <name>.debug_info</name>
         <load_address>0x102c3</load_address>
         <run_address>0x102c3</run_address>
         <size>0x39</size>
         <input_file_ref idref="fl-e3"/>
      </object_component>
      <object_component id="oc-347">
         <name>.debug_info</name>
         <load_address>0x102fc</load_address>
         <run_address>0x102fc</run_address>
         <size>0x39</size>
         <input_file_ref idref="fl-e3"/>
      </object_component>
      <object_component id="oc-336">
         <name>.debug_info</name>
         <load_address>0x10335</load_address>
         <run_address>0x10335</run_address>
         <size>0x39</size>
         <input_file_ref idref="fl-e3"/>
      </object_component>
      <object_component id="oc-33b">
         <name>.debug_info</name>
         <load_address>0x1036e</load_address>
         <run_address>0x1036e</run_address>
         <size>0xcd</size>
         <input_file_ref idref="fl-e3"/>
      </object_component>
      <object_component id="oc-14a">
         <name>.debug_info</name>
         <load_address>0x1043b</load_address>
         <run_address>0x1043b</run_address>
         <size>0x153</size>
         <input_file_ref idref="fl-e4"/>
      </object_component>
      <object_component id="oc-237">
         <name>.debug_info</name>
         <load_address>0x1058e</load_address>
         <run_address>0x1058e</run_address>
         <size>0x122</size>
         <input_file_ref idref="fl-e6"/>
      </object_component>
      <object_component id="oc-382">
         <name>.debug_info</name>
         <load_address>0x106b0</load_address>
         <run_address>0x106b0</run_address>
         <size>0xa6</size>
      </object_component>
      <object_component id="oc-2df">
         <name>.debug_line</name>
         <load_address>0x0</load_address>
         <run_address>0x0</run_address>
         <size>0xfe</size>
         <input_file_ref idref="fl-2"/>
      </object_component>
      <object_component id="oc-a0">
         <name>.debug_line</name>
         <load_address>0xfe</load_address>
         <run_address>0xfe</run_address>
         <size>0x65</size>
         <input_file_ref idref="fl-2"/>
      </object_component>
      <object_component id="oc-1fe">
         <name>.debug_line</name>
         <load_address>0x163</load_address>
         <run_address>0x163</run_address>
         <size>0x55</size>
         <input_file_ref idref="fl-2"/>
      </object_component>
      <object_component id="oc-12b">
         <name>.debug_line</name>
         <load_address>0x1b8</load_address>
         <run_address>0x1b8</run_address>
         <size>0x72</size>
         <input_file_ref idref="fl-2"/>
      </object_component>
      <object_component id="oc-4b">
         <name>.debug_line</name>
         <load_address>0x22a</load_address>
         <run_address>0x22a</run_address>
         <size>0x20</size>
         <input_file_ref idref="fl-2"/>
      </object_component>
      <object_component id="oc-221">
         <name>.debug_line</name>
         <load_address>0x24a</load_address>
         <run_address>0x24a</run_address>
         <size>0x76</size>
         <input_file_ref idref="fl-2"/>
      </object_component>
      <object_component id="oc-124">
         <name>.debug_line</name>
         <load_address>0x2c0</load_address>
         <run_address>0x2c0</run_address>
         <size>0x73</size>
         <input_file_ref idref="fl-2"/>
      </object_component>
      <object_component id="oc-16d">
         <name>.debug_line</name>
         <load_address>0x333</load_address>
         <run_address>0x333</run_address>
         <size>0x3e</size>
         <input_file_ref idref="fl-3"/>
      </object_component>
      <object_component id="oc-282">
         <name>.debug_line</name>
         <load_address>0x371</load_address>
         <run_address>0x371</run_address>
         <size>0x32</size>
         <input_file_ref idref="fl-3"/>
      </object_component>
      <object_component id="oc-c2">
         <name>.debug_line</name>
         <load_address>0x3a3</load_address>
         <run_address>0x3a3</run_address>
         <size>0x37</size>
         <input_file_ref idref="fl-3"/>
      </object_component>
      <object_component id="oc-28b">
         <name>.debug_line</name>
         <load_address>0x3da</load_address>
         <run_address>0x3da</run_address>
         <size>0x2c</size>
         <input_file_ref idref="fl-4"/>
      </object_component>
      <object_component id="oc-289">
         <name>.debug_line</name>
         <load_address>0x406</load_address>
         <run_address>0x406</run_address>
         <size>0x2c</size>
         <input_file_ref idref="fl-4"/>
      </object_component>
      <object_component id="oc-96">
         <name>.debug_line</name>
         <load_address>0x432</load_address>
         <run_address>0x432</run_address>
         <size>0x1fb</size>
         <input_file_ref idref="fl-4"/>
      </object_component>
      <object_component id="oc-303">
         <name>.debug_line</name>
         <load_address>0x62d</load_address>
         <run_address>0x62d</run_address>
         <size>0x31</size>
         <input_file_ref idref="fl-4"/>
      </object_component>
      <object_component id="oc-184">
         <name>.debug_line</name>
         <load_address>0x65e</load_address>
         <run_address>0x65e</run_address>
         <size>0x2c</size>
         <input_file_ref idref="fl-4"/>
      </object_component>
      <object_component id="oc-2c6">
         <name>.debug_line</name>
         <load_address>0x68a</load_address>
         <run_address>0x68a</run_address>
         <size>0x20</size>
         <input_file_ref idref="fl-5"/>
      </object_component>
      <object_component id="oc-1de">
         <name>.debug_line</name>
         <load_address>0x6aa</load_address>
         <run_address>0x6aa</run_address>
         <size>0x32</size>
         <input_file_ref idref="fl-5"/>
      </object_component>
      <object_component id="oc-320">
         <name>.debug_line</name>
         <load_address>0x6dc</load_address>
         <run_address>0x6dc</run_address>
         <size>0x20</size>
         <input_file_ref idref="fl-6"/>
      </object_component>
      <object_component id="oc-208">
         <name>.debug_line</name>
         <load_address>0x6fc</load_address>
         <run_address>0x6fc</run_address>
         <size>0x56</size>
         <input_file_ref idref="fl-6"/>
      </object_component>
      <object_component id="oc-343">
         <name>.debug_line</name>
         <load_address>0x752</load_address>
         <run_address>0x752</run_address>
         <size>0xed</size>
         <input_file_ref idref="fl-7"/>
      </object_component>
      <object_component id="oc-31">
         <name>.debug_line</name>
         <load_address>0x83f</load_address>
         <run_address>0x83f</run_address>
         <size>0x7d</size>
         <input_file_ref idref="fl-7"/>
      </object_component>
      <object_component id="oc-27c">
         <name>.debug_line</name>
         <load_address>0x8bc</load_address>
         <run_address>0x8bc</run_address>
         <size>0x5b</size>
         <input_file_ref idref="fl-7"/>
      </object_component>
      <object_component id="oc-164">
         <name>.debug_line</name>
         <load_address>0x917</load_address>
         <run_address>0x917</run_address>
         <size>0x5c</size>
         <input_file_ref idref="fl-7"/>
      </object_component>
      <object_component id="oc-1ca">
         <name>.debug_line</name>
         <load_address>0x973</load_address>
         <run_address>0x973</run_address>
         <size>0x30</size>
         <input_file_ref idref="fl-7"/>
      </object_component>
      <object_component id="oc-17a">
         <name>.debug_line</name>
         <load_address>0x9a3</load_address>
         <run_address>0x9a3</run_address>
         <size>0x2d</size>
         <input_file_ref idref="fl-7"/>
      </object_component>
      <object_component id="oc-2b6">
         <name>.debug_line</name>
         <load_address>0x9d0</load_address>
         <run_address>0x9d0</run_address>
         <size>0x32</size>
         <input_file_ref idref="fl-7"/>
      </object_component>
      <object_component id="oc-287">
         <name>.debug_line</name>
         <load_address>0xa02</load_address>
         <run_address>0xa02</run_address>
         <size>0x39</size>
         <input_file_ref idref="fl-8"/>
      </object_component>
      <object_component id="oc-285">
         <name>.debug_line</name>
         <load_address>0xa3b</load_address>
         <run_address>0xa3b</run_address>
         <size>0x2d</size>
         <input_file_ref idref="fl-8"/>
      </object_component>
      <object_component id="oc-8e">
         <name>.debug_line</name>
         <load_address>0xa68</load_address>
         <run_address>0xa68</run_address>
         <size>0x6ba</size>
         <input_file_ref idref="fl-8"/>
      </object_component>
      <object_component id="oc-2c4">
         <name>.debug_line</name>
         <load_address>0x1122</load_address>
         <run_address>0x1122</run_address>
         <size>0x20</size>
         <input_file_ref idref="fl-9"/>
      </object_component>
      <object_component id="oc-1db">
         <name>.debug_line</name>
         <load_address>0x1142</load_address>
         <run_address>0x1142</run_address>
         <size>0x33</size>
         <input_file_ref idref="fl-9"/>
      </object_component>
      <object_component id="oc-1e3">
         <name>.debug_line</name>
         <load_address>0x1175</load_address>
         <run_address>0x1175</run_address>
         <size>0x20</size>
         <input_file_ref idref="fl-a"/>
      </object_component>
      <object_component id="oc-1e1">
         <name>.debug_line</name>
         <load_address>0x1195</load_address>
         <run_address>0x1195</run_address>
         <size>0x30</size>
         <input_file_ref idref="fl-a"/>
      </object_component>
      <object_component id="oc-38">
         <name>.debug_line</name>
         <load_address>0x11c5</load_address>
         <run_address>0x11c5</run_address>
         <size>0xca</size>
         <input_file_ref idref="fl-a"/>
      </object_component>
      <object_component id="oc-1c6">
         <name>.debug_line</name>
         <load_address>0x128f</load_address>
         <run_address>0x128f</run_address>
         <size>0x34</size>
         <input_file_ref idref="fl-b"/>
      </object_component>
      <object_component id="oc-274">
         <name>.debug_line</name>
         <load_address>0x12c3</load_address>
         <run_address>0x12c3</run_address>
         <size>0x20</size>
         <input_file_ref idref="fl-c"/>
      </object_component>
      <object_component id="oc-81">
         <name>.debug_line</name>
         <load_address>0x12e3</load_address>
         <run_address>0x12e3</run_address>
         <size>0x29b</size>
         <input_file_ref idref="fl-c"/>
      </object_component>
      <object_component id="oc-2bb">
         <name>.debug_line</name>
         <load_address>0x157e</load_address>
         <run_address>0x157e</run_address>
         <size>0x20</size>
         <input_file_ref idref="fl-d"/>
      </object_component>
      <object_component id="oc-1d5">
         <name>.debug_line</name>
         <load_address>0x159e</load_address>
         <run_address>0x159e</run_address>
         <size>0x33</size>
         <input_file_ref idref="fl-d"/>
      </object_component>
      <object_component id="oc-278">
         <name>.debug_line</name>
         <load_address>0x15d1</load_address>
         <run_address>0x15d1</run_address>
         <size>0x5b</size>
         <input_file_ref idref="fl-e"/>
      </object_component>
      <object_component id="oc-276">
         <name>.debug_line</name>
         <load_address>0x162c</load_address>
         <run_address>0x162c</run_address>
         <size>0x2c</size>
         <input_file_ref idref="fl-e"/>
      </object_component>
      <object_component id="oc-87">
         <name>.debug_line</name>
         <load_address>0x1658</load_address>
         <run_address>0x1658</run_address>
         <size>0x10e</size>
         <input_file_ref idref="fl-e"/>
      </object_component>
      <object_component id="oc-2bd">
         <name>.debug_line</name>
         <load_address>0x1766</load_address>
         <run_address>0x1766</run_address>
         <size>0x20</size>
         <input_file_ref idref="fl-f"/>
      </object_component>
      <object_component id="oc-1d8">
         <name>.debug_line</name>
         <load_address>0x1786</load_address>
         <run_address>0x1786</run_address>
         <size>0x30</size>
         <input_file_ref idref="fl-f"/>
      </object_component>
      <object_component id="oc-2c1">
         <name>.debug_line</name>
         <load_address>0x17b6</load_address>
         <run_address>0x17b6</run_address>
         <size>0x5b</size>
         <input_file_ref idref="fl-f"/>
      </object_component>
      <object_component id="oc-1fa">
         <name>.debug_line</name>
         <load_address>0x1811</load_address>
         <run_address>0x1811</run_address>
         <size>0xad</size>
         <input_file_ref idref="fl-10"/>
      </object_component>
      <object_component id="oc-206">
         <name>.debug_line</name>
         <load_address>0x18be</load_address>
         <run_address>0x18be</run_address>
         <size>0x2c</size>
         <input_file_ref idref="fl-10"/>
      </object_component>
      <object_component id="oc-3b">
         <name>.debug_line</name>
         <load_address>0x18ea</load_address>
         <run_address>0x18ea</run_address>
         <size>0x287</size>
         <input_file_ref idref="fl-10"/>
      </object_component>
      <object_component id="oc-203">
         <name>.debug_line</name>
         <load_address>0x1b71</load_address>
         <run_address>0x1b71</run_address>
         <size>0x2f</size>
         <input_file_ref idref="fl-10"/>
      </object_component>
      <object_component id="oc-1f4">
         <name>.debug_line</name>
         <load_address>0x1ba0</load_address>
         <run_address>0x1ba0</run_address>
         <size>0x20</size>
         <input_file_ref idref="fl-10"/>
      </object_component>
      <object_component id="oc-e9">
         <name>.debug_line</name>
         <load_address>0x1bc0</load_address>
         <run_address>0x1bc0</run_address>
         <size>0x86</size>
         <input_file_ref idref="fl-11"/>
      </object_component>
      <object_component id="oc-2dc">
         <name>.debug_line</name>
         <load_address>0x1c46</load_address>
         <run_address>0x1c46</run_address>
         <size>0x2d</size>
         <input_file_ref idref="fl-12"/>
      </object_component>
      <object_component id="oc-ef">
         <name>.debug_line</name>
         <load_address>0x1c73</load_address>
         <run_address>0x1c73</run_address>
         <size>0xf1</size>
         <input_file_ref idref="fl-12"/>
      </object_component>
      <object_component id="oc-9c">
         <name>.debug_line</name>
         <load_address>0x1d64</load_address>
         <run_address>0x1d64</run_address>
         <size>0xf6</size>
         <input_file_ref idref="fl-13"/>
      </object_component>
      <object_component id="oc-f5">
         <name>.debug_line</name>
         <load_address>0x1e5a</load_address>
         <run_address>0x1e5a</run_address>
         <size>0xa9</size>
         <input_file_ref idref="fl-14"/>
      </object_component>
      <object_component id="oc-14f">
         <name>.debug_line</name>
         <load_address>0x1f03</load_address>
         <run_address>0x1f03</run_address>
         <size>0x45</size>
         <input_file_ref idref="fl-15"/>
      </object_component>
      <object_component id="oc-2b2">
         <name>.debug_line</name>
         <load_address>0x1f48</load_address>
         <run_address>0x1f48</run_address>
         <size>0x44</size>
         <input_file_ref idref="fl-16"/>
      </object_component>
      <object_component id="oc-2b9">
         <name>.debug_line</name>
         <load_address>0x1f8c</load_address>
         <run_address>0x1f8c</run_address>
         <size>0x32</size>
         <input_file_ref idref="fl-16"/>
      </object_component>
      <object_component id="oc-ab">
         <name>.debug_line</name>
         <load_address>0x1fbe</load_address>
         <run_address>0x1fbe</run_address>
         <size>0xaa</size>
         <input_file_ref idref="fl-16"/>
      </object_component>
      <object_component id="oc-127">
         <name>.debug_line</name>
         <load_address>0x2068</load_address>
         <run_address>0x2068</run_address>
         <size>0x41</size>
         <input_file_ref idref="fl-18"/>
      </object_component>
      <object_component id="oc-40">
         <name>.debug_line</name>
         <load_address>0x20a9</load_address>
         <run_address>0x20a9</run_address>
         <size>0x41</size>
         <input_file_ref idref="fl-18"/>
      </object_component>
      <object_component id="oc-28">
         <name>.debug_line</name>
         <load_address>0x20ea</load_address>
         <run_address>0x20ea</run_address>
         <size>0xa1</size>
         <input_file_ref idref="fl-18"/>
      </object_component>
      <object_component id="oc-2ce">
         <name>.debug_line</name>
         <load_address>0x218b</load_address>
         <run_address>0x218b</run_address>
         <size>0x82</size>
         <input_file_ref idref="fl-1e"/>
      </object_component>
      <object_component id="oc-319">
         <name>.debug_line</name>
         <load_address>0x220d</load_address>
         <run_address>0x220d</run_address>
         <size>0x7c</size>
         <input_file_ref idref="fl-1e"/>
      </object_component>
      <object_component id="oc-fe">
         <name>.debug_line</name>
         <load_address>0x2289</load_address>
         <run_address>0x2289</run_address>
         <size>0xb2</size>
         <input_file_ref idref="fl-1e"/>
      </object_component>
      <object_component id="oc-1e8">
         <name>.debug_line</name>
         <load_address>0x233b</load_address>
         <run_address>0x233b</run_address>
         <size>0xa2</size>
         <input_file_ref idref="fl-1e"/>
      </object_component>
      <object_component id="oc-c9">
         <name>.debug_line</name>
         <load_address>0x23dd</load_address>
         <run_address>0x23dd</run_address>
         <size>0x131</size>
         <input_file_ref idref="fl-1e"/>
      </object_component>
      <object_component id="oc-218">
         <name>.debug_line</name>
         <load_address>0x250e</load_address>
         <run_address>0x250e</run_address>
         <size>0xa5</size>
         <input_file_ref idref="fl-1e"/>
      </object_component>
      <object_component id="oc-10c">
         <name>.debug_line</name>
         <load_address>0x25b3</load_address>
         <run_address>0x25b3</run_address>
         <size>0x10e</size>
[...]
         <name>Systick_INIT</name>
         <value>0x3c41</value>
         <object_component_ref idref="oc-33"/>
      </symbol>
      <symbol id="sm-2f7">
         <name>systick_flag</name>
         <value>0x20000308</value>
         <object_component_ref idref="oc-ba"/>
      </symbol>
      <symbol id="sm-2f8">
         <name>Systick_delay</name>
         <value>0x3c8d</value>
         <object_component_ref idref="oc-33"/>
      </symbol>
      <symbol id="sm-2f9">
         <name>SysTick_SetCallBack</name>
         <value>0x3cd1</value>
         <object_component_ref idref="oc-33"/>
      </symbol>
      <symbol id="sm-301">
         <name>config_systick_timer</name>
         <value>0x20000326</value>
         <object_component_ref idref="oc-a4"/>
      </symbol>
      <symbol id="sm-385">
         <name>UART0_ReceiveData</name>
         <value>0x27e5</value>
         <object_component_ref idref="oc-80"/>
      </symbol>
      <symbol id="sm-386">
         <name>UART0_ReceiveByte</name>
         <value>0x270d</value>
         <object_component_ref idref="oc-80"/>
      </symbol>
      <symbol id="sm-387">
         <name>UART0_SendData</name>
         <value>0x2791</value>
         <object_component_ref idref="oc-80"/>
      </symbol>
      <symbol id="sm-388">
         <name>UART0_ReceiveString</name>
         <value>0x2759</value>
         <object_component_ref idref="oc-80"/>
      </symbol>
      <symbol id="sm-389">
         <name>UART0_SendByte</name>
         <value>0x26f1</value>
         <object_component_ref idref="oc-80"/>
      </symbol>
      <symbol id="sm-38a">
         <name>UART0_SendString</name>
         <value>0x2729</value>
         <object_component_ref idref="oc-80"/>
      </symbol>
      <symbol id="sm-38b">
         <name>UART_Init</name>
         <value>0x24c9</value>
         <object_component_ref idref="oc-80"/>
      </symbol>
      <symbol id="sm-396">
         <name>UART_PBConfiguration</name>
         <value>0x20000318</value>
         <object_component_ref idref="oc-ad"/>
      </symbol>
      <symbol id="sm-3f7">
         <name>ADC_Read_Volt</name>
         <value>0x2fcb</value>
         <object_component_ref idref="oc-86"/>
      </symbol>
      <symbol id="sm-3f8">
         <name>ADC_SSCTL3_R_ptr</name>
         <value>0x200002ec</value>
         <object_component_ref idref="oc-167"/>
      </symbol>
      <symbol id="sm-3f9">
         <name>ADC_ISC_R_ptr</name>
         <value>0x20000300</value>
         <object_component_ref idref="oc-167"/>
      </symbol>
      <symbol id="sm-3fa">
         <name>ADC_SSMUX3_R_ptr</name>
         <value>0x200002e8</value>
         <object_component_ref idref="oc-167"/>
      </symbol>
      <symbol id="sm-3fb">
         <name>ADC_SSFIFO3_R_ptr</name>
         <value>0x200002f4</value>
         <object_component_ref idref="oc-167"/>
      </symbol>
      <symbol id="sm-3fc">
         <name>ADC_ACTSS_R_ptr</name>
         <value>0x200002e0</value>
         <object_component_ref idref="oc-167"/>
      </symbol>
      <symbol id="sm-3fd">
         <name>ADC_IM_R_ptr</name>
         <value>0x200002f0</value>
         <object_component_ref idref="oc-167"/>
      </symbol>
      <symbol id="sm-3fe">
         <name>ADC_RIS_R_ptr</name>
         <value>0x200002fc</value>
         <object_component_ref idref="oc-167"/>
      </symbol>
      <symbol id="sm-3ff">
         <name>ADC_Read</name>
         <value>0x2f4b</value>
         <object_component_ref idref="oc-86"/>
      </symbol>
      <symbol id="sm-400">
         <name>ADC_Init_Start</name>
         <value>0x2cf5</value>
         <object_component_ref idref="oc-86"/>
      </symbol>
      <symbol id="sm-401">
         <name>ADC_PSSI_R_ptr</name>
         <value>0x200002f8</value>
         <object_component_ref idref="oc-167"/>
      </symbol>
      <symbol id="sm-402">
         <name>ADC_EMUX_R_ptr</name>
         <value>0x200002e4</value>
         <object_component_ref idref="oc-167"/>
      </symbol>
      <symbol id="sm-412">
         <name>ADC_Configuartions</name>
         <value>0x200002dd</value>
         <object_component_ref idref="oc-b0"/>
      </symbol>
      <symbol id="sm-4e3">
         <name>sCANMessage</name>
         <value>0x2000026c</value>
      </symbol>
      <symbol id="sm-4e4">
         <name>KeepAliveMessage</name>
         <value>0x20000244</value>
      </symbol>
      <symbol id="sm-4e5">
         <name>VoltageMsg</name>
         <value>0x20000258</value>
      </symbol>
      <symbol id="sm-4e6">
         <name>ButtonMsg</name>
         <value>0x20000230</value>
      </symbol>
      <symbol id="sm-4e7">
         <name>pui8MsgData</name>
         <value>0x20000288</value>
      </symbol>
      <symbol id="sm-4e8">
         <name>pui8VoltageData</name>
         <value>0x20000290</value>
      </symbol>
      <symbol id="sm-4e9">
         <name>pui8ButtonData</name>
         <value>0x20000280</value>
      </symbol>
      <symbol id="sm-4ea">
         <name>ui32KeepAliveData</name>
         <value>0x200002a4</value>
      </symbol>
      <symbol id="sm-4eb">
         <name>pui8KeepAliveData</name>
         <value>0x200002a0</value>
      </symbol>
      <symbol id="sm-4ec">
         <name>ledState</name>
         <value>0x200002cc</value>
         <object_component_ref idref="oc-e1"/>
      </symbol>
      <symbol id="sm-4ed">
         <name>KeepAlive</name>
         <value>0x1c6f</value>
         <object_component_ref idref="oc-39"/>
      </symbol>
      <symbol id="sm-4ee">
         <name>voltagevalue</name>
         <value>0x200002b8</value>
         <object_component_ref idref="oc-e1"/>
      </symbol>
      <symbol id="sm-4ef">
         <name>MainTask</name>
         <value>0x1bbf</value>
         <object_component_ref idref="oc-39"/>
      </symbol>
      <symbol id="sm-4f0">
         <name>OverheatErrorCounter</name>
         <value>0x200002c6</value>
         <object_component_ref idref="oc-e1"/>
      </symbol>
      <symbol id="sm-4f1">
         <name>Ecu2Buttons</name>
         <value>0x200002dc</value>
         <object_component_ref idref="oc-e1"/>
      </symbol>
      <symbol id="sm-4f2">
         <name>LEDTASK</name>
         <value>0x20bf</value>
         <object_component_ref idref="oc-39"/>
      </symbol>
      <symbol id="sm-4f3">
         <name>KeepAliveErrorCounter</name>
         <value>0x200002c4</value>
         <object_component_ref idref="oc-e1"/>
      </symbol>
      <symbol id="sm-4f4">
         <name>GetButtons</name>
         <value>0x1fd1</value>
         <object_component_ref idref="oc-39"/>
      </symbol>
      <symbol id="sm-4f5">
         <name>systemState</name>
         <value>0x200002c8</value>
         <object_component_ref idref="oc-e1"/>
      </symbol>
      <symbol id="sm-4f6">
         <name>g_ui32MsgCount</name>
         <value>0x200002a8</value>
         <object_component_ref idref="oc-e1"/>
      </symbol>
      <symbol id="sm-4f7">
         <name>keepaliveTimer</name>
         <value>0x200002d0</value>
         <object_component_ref idref="oc-e1"/>
      </symbol>
      <symbol id="sm-4f8">
         <name>TempErrorCounter</name>
         <value>0x200002c0</value>
         <object_component_ref idref="oc-e1"/>
      </symbol>
      <symbol id="sm-4f9">
         <name>PCcommunication</name>
         <value>0x2035</value>
         <object_component_ref idref="oc-39"/>
      </symbol>
      <symbol id="sm-4fa">
         <name>SystemfaultErrorCounter</name>
         <value>0x200002c2</value>
         <object_component_ref idref="oc-e1"/>
      </symbol>
      <symbol id="sm-4fb">
         <name>systemfaultTimer</name>
         <value>0x200002d4</value>
         <object_component_ref idref="oc-e1"/>
      </symbol>
      <symbol id="sm-4fc">
         <name>overheatTimer</name>
         <value>0x200002d2</value>
         <object_component_ref idref="oc-e1"/>
      </symbol>
      <symbol id="sm-4fd">
         <name>CANIntHandler</name>
         <value>0x218d</value>
         <object_component_ref idref="oc-39"/>
      </symbol>
      <symbol id="sm-4fe">
         <name>buttonState</name>
         <value>0x200002ce</value>
         <object_component_ref idref="oc-e1"/>
      </symbol>
      <symbol id="sm-4ff">
         <name>TempRxFlag</name>
         <value>0x200002b0</value>
         <object_component_ref idref="oc-e1"/>
      </symbol>
      <symbol id="sm-500">
         <name>temperature</name>
         <value>0x200002b4</value>
         <object_component_ref idref="oc-e1"/>
      </symbol>
      <symbol id="sm-501">
         <name>KeepAliveSent</name>
         <value>0x200002d8</value>
         <object_component_ref idref="oc-e1"/>
      </symbol>
      <symbol id="sm-502">
         <name>g_bErrFlag</name>
         <value>0x200002ac</value>
         <object_component_ref idref="oc-e1"/>
      </symbol>
      <symbol id="sm-503">
         <name>memoryerror</name>
         <value>0x200002bc</value>
         <object_component_ref idref="oc-e1"/>
      </symbol>
      <symbol id="sm-504">
         <name>App_init</name>
         <value>0x1ae5</value>
         <object_component_ref idref="oc-39"/>
      </symbol>
      <symbol id="sm-505">
         <name>KeepAliveError</name>
         <value>0x200002be</value>
         <object_component_ref idref="oc-e1"/>
      </symbol>
      <symbol id="sm-506">
         <name>ChangeState</name>
         <value>0x1d1d</value>
         <object_component_ref idref="oc-39"/>
      </symbol>
      <symbol id="sm-51a">
         <name>get_input</name>
         <value>0x4051</value>
         <object_component_ref idref="oc-e4"/>
      </symbol>
      <symbol id="sm-51b">
         <name>Button_getState</name>
         <value>0x4029</value>
         <object_component_ref idref="oc-e4"/>
      </symbol>
      <symbol id="sm-538">
         <name>intToAsciiAndSendPC</name>
         <value>0x30d3</value>
         <object_component_ref idref="oc-ea"/>
      </symbol>
      <symbol id="sm-539">
         <name>reverse</name>
         <value>0x3081</value>
         <object_component_ref idref="oc-ea"/>
      </symbol>
      <symbol id="sm-53a">
         <name>floatToAsciiAndSendPC</name>
         <value>0x313d</value>
         <object_component_ref idref="oc-ea"/>
      </symbol>
      <symbol id="sm-53b">
         <name>sendPC</name>
         <value>0x322b</value>
         <object_component_ref idref="oc-ea"/>
      </symbol>
      <symbol id="sm-55d">
         <name>eeprom_start</name>
         <value>0x3635</value>
         <object_component_ref idref="oc-98"/>
      </symbol>
      <symbol id="sm-55e">
         <name>delay_n</name>
         <value>0x3611</value>
         <object_component_ref idref="oc-98"/>
      </symbol>
      <symbol id="sm-55f">
         <name>eeprom_write</name>
         <value>0x36c3</value>
         <object_component_ref idref="oc-98"/>
      </symbol>
      <symbol id="sm-560">
         <name>eeprom_read</name>
         <value>0x36f3</value>
         <object_component_ref idref="oc-98"/>
      </symbol>
      <symbol id="sm-561">
         <name>eeprom_error_recovery</name>
         <value>0x369d</value>
         <object_component_ref idref="oc-98"/>
      </symbol>
      <symbol id="sm-562">
         <name>eeprom_init</name>
         <value>0x36ad</value>
         <object_component_ref idref="oc-98"/>
      </symbol>
      <symbol id="sm-570">
         <name>clear_leds</name>
         <value>0x415d</value>
         <object_component_ref idref="oc-f0"/>
      </symbol>
      <symbol id="sm-571">
         <name>blue_led</name>
         <value>0x412d</value>
         <object_component_ref idref="oc-f0"/>
      </symbol>
      <symbol id="sm-572">
         <name>green_led</name>
         <value>0x414d</value>
         <object_component_ref idref="oc-f0"/>
      </symbol>
      <symbol id="sm-573">
         <name>white_led</name>
         <value>0x410d</value>
         <object_component_ref idref="oc-f0"/>
      </symbol>
      <symbol id="sm-574">
         <name>Red_led</name>
         <value>0x413d</value>
         <object_component_ref idref="oc-f0"/>
      </symbol>
      <symbol id="sm-57e">
         <name>main</name>
         <value>0x4525</value>
         <object_component_ref idref="oc-14e"/>
      </symbol>
      <symbol id="sm-5a5">
         <name>t_identifier</name>
         <value>0x20000298</value>
      </symbol>
      <symbol id="sm-5a6">
         <name>array</name>
         <value>0x20000200</value>
      </symbol>
      <symbol id="sm-5a7">
         <name>OS_start</name>
         <value>0x3b95</value>
         <object_component_ref idref="oc-a7"/>
      </symbol>
      <symbol id="sm-5a8">
         <name>task_i</name>
         <value>0x20000310</value>
         <object_component_ref idref="oc-1d0"/>
      </symbol>
      <symbol id="sm-5a9">
         <name>task_init</name>
         <value>0x3b61</value>
         <object_component_ref idref="oc-a7"/>
      </symbol>
      <symbol id="sm-5aa">
         <name>i</name>
         <value>0x20000314</value>
         <object_component_ref idref="oc-1d0"/>
      </symbol>
      <symbol id="sm-5ab">
         <name>Os_NewTimerTick</name>
         <value>0x3bff</value>
         <object_component_ref idref="oc-a7"/>
      </symbol>
      <symbol id="sm-5c8">
         <name>ResetISR</name>
         <value>0x4545</value>
         <object_component_ref idref="oc-27"/>
      </symbol>
      <symbol id="sm-5c9">
         <name>g_pfnVectors</name>
         <value>0x0</value>
         <object_component_ref idref="oc-12"/>
      </symbol>
      <symbol id="sm-67f">
         <name>CANMessageGet</name>
         <value>0x3859</value>
         <object_component_ref idref="oc-108"/>
      </symbol>
      <symbol id="sm-680">
         <name>CANBitRateSet</name>
         <value>0x40a1</value>
         <object_component_ref idref="oc-1ab"/>
      </symbol>
      <symbol id="sm-681">
         <name>CANEnable</name>
         <value>0x4551</value>
         <object_component_ref idref="oc-1bd"/>
      </symbol>
      <symbol id="sm-682">
         <name>CANStatusGet</name>
         <value>0x431d</value>
         <object_component_ref idref="oc-fc"/>
      </symbol>
      <symbol id="sm-683">
         <name>CANMessageSet</name>
         <value>0x34df</value>
         <object_component_ref idref="oc-c4"/>
      </symbol>
      <symbol id="sm-684">
         <name>CANIntClear</name>
         <value>0x447b</value>
         <object_component_ref idref="oc-102"/>
      </symbol>
      <symbol id="sm-685">
         <name>CANIntStatus</name>
         <value>0x449d</value>
         <object_component_ref idref="oc-f6"/>
      </symbol>
      <symbol id="sm-686">
         <name>CANInit</name>
         <value>0x435d</value>
         <object_component_ref idref="oc-19f"/>
      </symbol>
      <symbol id="sm-687">
         <name>CANIntEnable</name>
         <value>0x455b</value>
         <object_component_ref idref="oc-1b1"/>
      </symbol>
      <symbol id="sm-6c1">
         <name>GPIOPinConfigure</name>
         <value>0x4249</value>
         <object_component_ref idref="oc-193"/>
      </symbol>
      <symbol id="sm-6c2">
         <name>GPIODirModeSet</name>
         <value>0x4401</value>
         <object_component_ref idref="oc-294"/>
      </symbol>
      <symbol id="sm-6c3">
         <name>GPIOPadConfigSet</name>
         <value>0x323d</value>
         <object_component_ref idref="oc-29a"/>
      </symbol>
      <symbol id="sm-6c4">
         <name>GPIOPinTypeCAN</name>
         <value>0x450f</value>
         <object_component_ref idref="oc-199"/>
      </symbol>
      <symbol id="sm-6e3">
         <name>IntEnable</name>
         <value>0x4179</value>
         <object_component_ref idref="oc-1b7"/>
      </symbol>
      <symbol id="sm-736">
         <name>SysCtlClockSet</name>
         <value>0x3a6d</value>
         <object_component_ref idref="oc-187"/>
      </symbol>
      <symbol id="sm-737">
         <name>SysCtlDelay</name>
         <value>0x4563</value>
         <object_component_ref idref="oc-1c3"/>
      </symbol>
      <symbol id="sm-738">
         <name>SysCtlPeripheralEnable</name>
         <value>0x4399</value>
         <object_component_ref idref="oc-18d"/>
      </symbol>
      <symbol id="sm-739">
         <name>SysCtlClockGet</name>
         <value>0x3741</value>
         <object_component_ref idref="oc-1a5"/>
      </symbol>
      <symbol id="sm-75c">
         <name>__aeabi_cdcmpeq</name>
         <value>0x3da1</value>
         <object_component_ref idref="oc-d4"/>
      </symbol>
      <symbol id="sm-75d">
         <name>__aeabi_cdcmple</name>
         <value>0x3da1</value>
         <object_component_ref idref="oc-d4"/>
      </symbol>
      <symbol id="sm-75e">
         <name>__aeabi_cdrcmple</name>
         <value>0x3e27</value>
         <object_component_ref idref="oc-cf"/>
      </symbol>
      <symbol id="sm-772">
         <name>__aeabi_ddiv</name>
         <value>0x33a9</value>
         <object_component_ref idref="oc-113"/>
      </symbol>
      <symbol id="sm-77d">
         <name>__aeabi_dmul</name>
         <value>0x396f</value>
         <object_component_ref idref="oc-10e"/>
      </symbol>
      <symbol id="sm-787">
         <name>__aeabi_d2uiz</name>
         <value>0x42d9</value>
         <object_component_ref idref="oc-118"/>
      </symbol>
      <symbol id="sm-791">
         <name>__aeabi_ui2d</name>
         <value>0x44bd</value>
         <object_component_ref idref="oc-ca"/>
      </symbol>
      <symbol id="sm-7aa">
         <name>__TI_zero_init_nomemset</name>
         <value>0x44dd</value>
         <object_component_ref idref="oc-59"/>
      </symbol>
      <symbol id="sm-7c1">
         <name>__TI_decompress_none</name>
         <value>0x4537</value>
         <object_component_ref idref="oc-1b"/>
      </symbol>
      <symbol id="sm-7e4">
         <name>__TI_decompress_lzss</name>
         <value>0x41e1</value>
         <object_component_ref idref="oc-15"/>
      </symbol>
      <symbol id="sm-7f7">
         <name>__stack</name>
         <value>0x20000000</value>
         <object_component_ref idref="oc-24"/>
      </symbol>
      <symbol id="sm-7f8">
         <name>_c_int00_noargs</name>
         <value>0x43cd</value>
         <object_component_ref idref="oc-6b"/>
      </symbol>
      <symbol id="sm-813">
         <name>memcpy</name>
         <value>0x3d05</value>
         <object_component_ref idref="oc-4d"/>
      </symbol>
      <symbol id="sm-814">
         <name>__aeabi_memcpy</name>
         <value>0x3d05</value>
         <object_component_ref idref="oc-4d"/>
      </symbol>
      <symbol id="sm-815">
         <name>__aeabi_memcpy8</name>
         <value>0x3d05</value>
         <object_component_ref idref="oc-4d"/>
      </symbol>
      <symbol id="sm-816">
         <name>__aeabi_memcpy4</name>
         <value>0x3d05</value>
         <object_component_ref idref="oc-4d"/>
      </symbol>
      <symbol id="sm-83f">
         <name>__TI_auto_init_nobinit_nopinit</name>
         <value>0x4295</value>
         <object_component_ref idref="oc-241"/>
      </symbol>
      <symbol id="sm-849">
         <name>_system_pre_init</name>
         <value>0x4569</value>
         <object_component_ref idref="oc-148"/>
      </symbol>
      <symbol id="sm-855">
         <name>C$$EXIT</name>
         <value>0x456d</value>
         <object_component_ref idref="oc-235"/>
      </symbol>
      <symbol id="sm-856">
         <name>abort</name>
         <value>0x456d</value>
         <object_component_ref idref="oc-235"/>
      </symbol>
      <symbol id="sm-859">
         <name>__TI_static_base__</name>
         <value>0x0</value>
      </symbol>
      <symbol id="sm-85c">
         <name>__mpu_init</name>
         <value>0x0</value>
      </symbol>
      <symbol id="sm-85d">
         <name>_system_post_cinit</name>
         <value>0x0</value>
      </symbol>
   </symbol_table>
   <title>Link successful</title>
</link_info>
