******************************************************************************
                  TI ARM Linker PC v20.2.7                     
******************************************************************************
>> Linked Sat Jan 27 12:34:10 2024

OUTPUT FILE NAME:   <ECU1.out>
ENTRY POINT SYMBOL: "_c_int00_noargs"  address: 000043cd


MEMORY CONFIGURATION

         name            origin    length      used     unused   attr    fill
----------------------  --------  ---------  --------  --------  ----  --------
  FLASH                 00000000   00040000  0000474a  0003b8b6  R  X
  SRAM                  20000000   00008000  0000032a  00007cd6  RW X


SEGMENT ALLOCATION MAP

run origin  load origin   length   init length attrs members
----------  ----------- ---------- ----------- ----- -------
00000000    00000000    00004750   00004750    r-x
  00000000    00000000    0000026c   0000026c    r-- .intvecs
  0000026c    0000026c    00004304   00004304    r-x .text
  00004570    00004570    00000182   00000182    r-- .const
  000046f8    000046f8    00000058   00000058    r-- .cinit
20000000    20000000    0000032a   00000000    rw-
  20000000    20000000    00000200   00000000    rw- .stack
  20000200    20000200    000000a8   00000000    rw- .bss
  200002a8    200002a8    00000082   00000000    rw- .data


SECTION ALLOCATION MAP

 output                                  attributes/
section   page    origin      length       input sections
--------  ----  ----------  ----------   ----------------
.intvecs   0    00000000    0000026c     
                  00000000    0000026c     tm4c123gh6pm_startup_ccs.obj (.intvecs)

.text      0    0000026c    00004304     
                  0000026c    00001876     Port.obj (.text)
                  00001ae2    00000002     --HOLE-- [fill = 0]
                  00001ae4    000008cc     app.obj (.text)
                  000023b0    000004bc     UART.obj (.text)
                  0000286c    00000488     Dio.obj (.text)
                  00002cf4    0000038c     adc.obj (.text)
                  00003080    000001bc     comm_pc.obj (.text)
                  0000323c    0000016c     driverlib.lib : gpio.obj (.text:GPIOPadConfigSet)
                  000033a8    00000136     rtsv7M4_T_le_v4SPD16_eabi.lib : fd_div_t2.asm.obj (.text)
                  000034de    00000130     driverlib.lib : can.obj (.text:CANMessageSet)
                  0000360e    00000002     --HOLE-- [fill = 0]
                  00003610    00000130     eeprom.obj (.text)
                  00003740    00000118     driverlib.lib : sysctl.obj (.text:SysCtlClockGet)
                  00003858    00000116                   : can.obj (.text:CANMessageGet)
                  0000396e    000000fc     rtsv7M4_T_le_v4SPD16_eabi.lib : fd_mul_t2.asm.obj (.text)
                  00003a6a    00000002     --HOLE-- [fill = 0]
                  00003a6c    000000f4     driverlib.lib : sysctl.obj (.text:SysCtlClockSet)
                  00003b60    000000e0     scheduler.obj (.text)
                  00003c40    000000c4     SysTick.obj (.text)
                  00003d04    0000009c     rtsv7M4_T_le_v4SPD16_eabi.lib : memcpy_t2.asm.obj (.text)
                  00003da0    00000086                                   : fd_cmp_t2.asm.obj (.text:__aeabi_cdcmple)
                  00003e26    00000086                                   : fd_cmp_t2.asm.obj (.text:__aeabi_cdrcmple)
                  00003eac    00000084     Gpt.obj (.text)
                  00003f30    00000080     Can.obj (.text)
                  00003fb0    00000078     Mcu.obj (.text)
                  00004028    00000076     button.obj (.text)
                  0000409e    00000002     --HOLE-- [fill = 0]
                  000040a0    0000006c     driverlib.lib : can.obj (.text:CANBitRateSet)
                  0000410c    0000006c     led.obj (.text)
                  00004178    00000068     driverlib.lib : interrupt.obj (.text:IntEnable)
                  000041e0    00000068     rtsv7M4_T_le_v4SPD16_eabi.lib : copy_decompress_lzss.c.obj (.text:decompress:lzss:__TI_decompress_lzss)
                  00004248    0000004c     driverlib.lib : gpio.obj (.text:GPIOPinConfigure)
                  00004294    00000044     rtsv7M4_T_le_v4SPD16_eabi.lib : autoinit.c.obj (.text:__TI_auto_init_nobinit_nopinit:__TI_auto_init_nobinit_nopinit)
                  000042d8    00000044                                   : fd_tou_t2.asm.obj (.text)
                  0000431c    00000040     driverlib.lib : can.obj (.text:CANStatusGet)
                  0000435c    0000003a                   : can.obj (.text:CANInit)
                  00004396    00000002     --HOLE-- [fill = 0]
                  00004398    00000034                   : sysctl.obj (.text:SysCtlPeripheralEnable)
                  000043cc    00000034     rtsv7M4_T_le_v4SPD16_eabi.lib : boot_cortex_m.c.obj (.text:_c_int00_noargs:_c_int00_noargs)
                  00004400    0000002c     driverlib.lib : gpio.obj (.text:GPIODirModeSet)
                  0000442c    0000002a                   : can.obj (.text:_CANDataRegRead)
                  00004456    00000024                   : can.obj (.text:_CANDataRegWrite)
                  0000447a    00000022                   : can.obj (.text:CANIntClear)
                  0000449c    00000020                   : can.obj (.text:CANIntStatus)
                  000044bc    00000020     rtsv7M4_T_le_v4SPD16_eabi.lib : u_tofd_t2.asm.obj (.text)
                  000044dc    0000001c                                   : copy_zero_init.c.obj (.text:decompress:ZI:__TI_zero_init_nomemset:__TI_zero_init_nomemset)
                  000044f8    00000016     Det.obj (.text)
                  0000450e    00000016     driverlib.lib : gpio.obj (.text:GPIOPinTypeCAN)
                  00004524    00000012     main.obj (.text)
                  00004536    0000000e     rtsv7M4_T_le_v4SPD16_eabi.lib : copy_decompress_none.c.obj (.text:decompress:none:__TI_decompress_none)
                  00004544    0000000c     tm4c123gh6pm_startup_ccs.obj (.text)
                  00004550    0000000a     driverlib.lib : can.obj (.text:CANEnable)
                  0000455a    00000008                   : can.obj (.text:CANIntEnable)
                  00004562    00000006                   : sysctl.obj (.text:SysCtlDelay)
                  00004568    00000004     rtsv7M4_T_le_v4SPD16_eabi.lib : pre_init.c.obj (.text:_system_pre_init)
                  0000456c    00000004                                   : exit.c.obj (.text:abort:abort)

.const     0    00004570    00000182     
                  00004570    00000090     driverlib.lib : gpio.obj (.const:g_pui32GPIOBaseAddrs)
                  00004600    0000006c                   : sysctl.obj (.const:g_pui32Xtals)
                  0000466c    00000048     Port_PBcfg.obj (.const:Port_Configuration)
                  000046b4    00000020     driverlib.lib : can.obj (.const:g_ui16CANBitValues)
                  000046d4    00000014                   : interrupt.obj (.const:g_pui32EnRegs)
                  000046e8    0000000a     Dio_PBcfg.obj (.const:Dio_Configuration)

.cinit     0    000046f8    00000058     
                  000046f8    00000030     (.cinit..data.load) [load image, compression = lzss]
                  00004728    0000000c     (__TI_handler_table)
                  00004734    00000004     --HOLE-- [fill = 0]
                  00004738    00000008     (.cinit..bss.load) [load image, compression = zero_init]
                  00004740    00000010     (__TI_cinit_table)

.init_array 
*          0    00000000    00000000     UNINITIALIZED

.bss       0    20000200    000000a8     UNINITIALIZED
                  20000200    00000030     (.common:array)
                  20000230    00000014     (.common:ButtonMsg)
                  20000244    00000014     (.common:KeepAliveMessage)
                  20000258    00000014     (.common:VoltageMsg)
                  2000026c    00000014     (.common:sCANMessage)
                  20000280    00000008     (.common:pui8ButtonData)
                  20000288    00000008     (.common:pui8MsgData)
                  20000290    00000008     (.common:pui8VoltageData)
                  20000298    00000008     (.common:t_identifier)
                  200002a0    00000004     (.common:pui8KeepAliveData)
                  200002a4    00000004     (.common:ui32KeepAliveData)

.data      0    200002a8    00000082     UNINITIALIZED
                  200002a8    00000035     app.obj (.data)
                  200002dd    00000003     adc_cfg.obj (.data:ADC_Configuartions)
                  200002e0    00000024     adc.obj (.data)
                  20000304    0000000c     SysTick.obj (.data)
                  20000310    00000008     scheduler.obj (.data)
                  20000318    00000006     UART_PBcfg.obj (.data:UART_PBConfiguration)
                  2000031e    00000001     Port.obj (.data)
                  2000031f    00000001     --HOLE--
                  20000320    00000005     Dio.obj (.data)
                  20000325    00000001     --HOLE--
                  20000326    00000004     Systick_cfg.obj (.data:config_systick_timer)

.stack     0    20000000    00000200     UNINITIALIZED
                  20000000    00000004     rtsv7M4_T_le_v4SPD16_eabi.lib : boot_cortex_m.c.obj (.stack)
                  20000004    000001fc     --HOLE--

__llvm_prf_cnts 
*          0    20000000    00000000     UNINITIALIZED

MODULE SUMMARY

       Module                         code    ro data   rw data
       ------                         ----    -------   -------
    .\
       Port.obj                       6262    0         1      
       app.obj                        2252    0         165    
       UART.obj                       1212    0         0      
       Dio.obj                        1160    0         5      
       adc.obj                        908     0         36     
       tm4c123gh6pm_startup_ccs.obj   12      620       0      
       comm_pc.obj                    444     0         0      
       eeprom.obj                     304     0         0      
       scheduler.obj                  224     0         64     
       SysTick.obj                    196     0         12     
       Gpt.obj                        132     0         0      
       Can.obj                        128     0         0      
       Mcu.obj                        120     0         0      
       button.obj                     118     0         0      
       led.obj                        108     0         0      
       Port_PBcfg.obj                 0       72        0      
       Det.obj                        22      0         0      
       main.obj                       18      0         0      
       Dio_PBcfg.obj                  0       10        0      
       UART_PBcfg.obj                 0       0         6      
       Systick_cfg.obj                0       0         4      
       adc_cfg.obj                    0       0         3      
    +--+------------------------------+-------+---------+---------+
       Total:                         13620   702       296    
                                                               
    ../driverlib.lib
       can.obj                        974     32        0      
       sysctl.obj                     582     108       0      
       gpio.obj                       506     144       0      
       interrupt.obj                  104     20        0      
    +--+------------------------------+-------+---------+---------+
       Total:                         2166    304       0      
                                                               
    D:\code composer\ccs\tools\compiler\ti-cgt-arm_20.2.7.LTS\lib\rtsv7M4_T_le_v4SPD16_eabi.lib
       fd_div_t2.asm.obj              310     0         0      
       fd_cmp_t2.asm.obj              268     0         0      
       fd_mul_t2.asm.obj              252     0         0      
       memcpy_t2.asm.obj              156     0         0      
       copy_decompress_lzss.c.obj     104     0         0      
       autoinit.c.obj                 68      0         0      
       fd_tou_t2.asm.obj              68      0         0      
       boot_cortex_m.c.obj            52      0         0      
       u_tofd_t2.asm.obj              32      0         0      
       copy_zero_init.c.obj           28      0         0      
       copy_decompress_none.c.obj     14      0         0      
       exit.c.obj                     4       0         0      
       pre_init.c.obj                 4       0         0      
    +--+------------------------------+-------+---------+---------+
       Total:                         1360    0         0      
                                                               
       Stack:                         0       0         512    
       Linker Generated:              0       84        0      
    +--+------------------------------+-------+---------+---------+
       Grand Total:                   17146   1090      808    


LINKER GENERATED COPY TABLES

__TI_cinit_table @ 00004740 records: 2, size/record: 8, table size: 16
	.data: load addr=000046f8, load size=00000030 bytes, run addr=200002a8, run size=00000082 bytes, compression=lzss
	.bss: load addr=00004738, load size=00000008 bytes, run addr=20000200, run size=000000a8 bytes, compression=zero_init


LINKER GENERATED HANDLER TABLE

__TI_handler_table @ 00004728 records: 3, size/record: 4, table size: 12
	index: 0, handler: __TI_decompress_lzss
	index: 1, handler: __TI_decompress_none
	index: 2, handler: __TI_zero_init


GLOBAL SYMBOLS: SORTED ALPHABETICALLY BY Name 

address   name                          
-------   ----                          
200002e0  ADC_ACTSS_R_ptr               
200002dd  ADC_Configuartions            
200002e4  ADC_EMUX_R_ptr                
200002f0  ADC_IM_R_ptr                  
20000300  ADC_ISC_R_ptr                 
00002cf5  ADC_Init_Start                
200002f8  ADC_PSSI_R_ptr                
200002fc  ADC_RIS_R_ptr                 
00002f4b  ADC_Read                      
00002fcb  ADC_Read_Volt                 
200002ec  ADC_SSCTL3_R_ptr              
200002f4  ADC_SSFIFO3_R_ptr             
200002e8  ADC_SSMUX3_R_ptr              
00001ae5  App_init                      
00003fe9  BusFault_Init                 
00004005  Bus_Fault_Handler             
20000230  ButtonMsg                     
00004029  Button_getState               
0000456d  C$$EXIT                       
000040a1  CANBitRateSet                 
00004551  CANEnable                     
0000435d  CANInit                       
0000447b  CANIntClear                   
0000455b  CANIntEnable                  
0000218d  CANIntHandler                 
0000449d  CANIntStatus                  
00003859  CANMessageGet                 
000034df  CANMessageSet                 
0000431d  CANStatusGet                  
00001d1d  ChangeState                   
000044f9  Det_ReportError               
000046e8  Dio_Configuration             
00002a4b  Dio_FlipChannel               
0000286d  Dio_Init                      
00002971  Dio_ReadChannel               
00002b61  Dio_ReadChannelGroup          
00002891  Dio_WriteChannel              
00002c23  Dio_WriteChannelGroup         
200002dc  Ecu2Buttons                   
00004401  GPIODirModeSet                
0000323d  GPIOPadConfigSet              
00004249  GPIOPinConfigure              
0000450f  GPIOPinTypeCAN                
00001fd1  GetButtons                    
00004179  IntEnable                     
00001c6f  KeepAlive                     
200002be  KeepAliveError                
200002c4  KeepAliveErrorCounter         
20000244  KeepAliveMessage              
200002d8  KeepAliveSent                 
000020bf  LEDTASK                       
00001bbf  MainTask                      
00003fb1  Mcu_Init                      
00003b95  OS_start                      
00003bff  Os_NewTimerTick               
200002c6  OverheatErrorCounter          
00002035  PCcommunication               
0000466c  Port_Configuration            
0000026d  Port_Init                     
00000c4b  Port_RefreshPortDirection     
000007af  Port_SetPinDirection          
00000e15  Port_SetPinMode               
0000413d  Red_led                       
00004545  ResetISR                      
00003f83  SimpleDelay                   
00003741  SysCtlClockGet                
00003a6d  SysCtlClockSet                
00004563  SysCtlDelay                   
00004399  SysCtlPeripheralEnable        
00003ce1  SysTick_Handler               
00003cd1  SysTick_SetCallBack           
00003cc9  SysTick_Stop                  
200002c2  SystemfaultErrorCounter       
00003c41  Systick_INIT                  
00003c8d  Systick_delay                 
200002c0  TempErrorCounter              
200002b0  TempRxFlag                    
0000270d  UART0_ReceiveByte             
000027e5  UART0_ReceiveData             
00002759  UART0_ReceiveString           
000026f1  UART0_SendByte                
00002791  UART0_SendData                
00002729  UART0_SendString              
000024c9  UART_Init                     
20000318  UART_PBConfiguration          
20000258  VoltageMsg                    
20000200  __STACK_END                   
00000200  __STACK_SIZE                  
20000200  __STACK_TOP                   
00004740  __TI_CINIT_Base               
00004750  __TI_CINIT_Limit              
00004728  __TI_Handler_Table_Base       
00004734  __TI_Handler_Table_Limit      
00004295  __TI_auto_init_nobinit_nopinit
000041e1  __TI_decompress_lzss          
00004537  __TI_decompress_none          
ffffffff  __TI_pprof_out_hndl           
ffffffff  __TI_prof_data_size           
ffffffff  __TI_prof_data_start          
00000000  __TI_static_base__            
000044dd  __TI_zero_init_nomemset       
00003da1  __aeabi_cdcmpeq               
00003da1  __aeabi_cdcmple               
00003e27  __aeabi_cdrcmple              
000042d9  __aeabi_d2uiz                 
000033a9  __aeabi_ddiv                  
0000396f  __aeabi_dmul                  
00003d05  __aeabi_memcpy                
00003d05  __aeabi_memcpy4               
00003d05  __aeabi_memcpy8               
000044bd  __aeabi_ui2d                  
ffffffff  __binit__                     
ffffffff  __c_args__                    
UNDEFED   __mpu_init                    
20000000  __stack                       
20000000  __start___llvm_prf_cnts       
20000000  __stop___llvm_prf_cnts        
000043cd  _c_int00_noargs               
UNDEFED   _system_post_cinit            
00004569  _system_pre_init              
0000456d  abort                         
20000200  array                         
ffffffff  binit                         
0000412d  blue_led                      
200002ce  buttonState                   
00003f31  caninit                       
0000415d  clear_leds                    
20000326  config_systick_timer          
00003611  delay_n                       
00003ead  delay_timerA                  
0000369d  eeprom_error_recovery         
000036ad  eeprom_init                   
000036f3  eeprom_read                   
00003635  eeprom_start                  
000036c3  eeprom_write                  
0000313d  floatToAsciiAndSendPC         
200002ac  g_bErrFlag                    
00000000  g_pfnVectors                  
200002a8  g_ui32MsgCount                
00004051  get_input                     
0000414d  green_led                     
20000314  i                             
000030d3  intToAsciiAndSendPC           
200002d0  keepaliveTimer                
200002cc  ledState                      
00004525  main                          
00003d05  memcpy                        
200002bc  memoryerror                   
200002d2  overheatTimer                 
20000280  pui8ButtonData                
200002a0  pui8KeepAliveData             
20000288  pui8MsgData                   
20000290  pui8VoltageData               
00003081  reverse                       
2000026c  sCANMessage                   
0000322b  sendPC                        
200002c8  systemState                   
200002d4  systemfaultTimer              
20000304  systick_counter               
20000308  systick_flag                  
20000298  t_identifier                  
20000310  task_i                        
00003b61  task_init                     
200002b4  temperature                   
200002a4  ui32KeepAliveData             
200002b8  voltagevalue                  
0000410d  white_led                     


GLOBAL SYMBOLS: SORTED BY Symbol Address 

address   name                          
-------   ----                          
00000000  __TI_static_base__            
00000000  g_pfnVectors                  
00000200  __STACK_SIZE                  
0000026d  Port_Init                     
000007af  Port_SetPinDirection          
00000c4b  Port_RefreshPortDirection     
00000e15  Port_SetPinMode               
00001ae5  App_init                      
00001bbf  MainTask                      
00001c6f  KeepAlive                     
00001d1d  ChangeState                   
00001fd1  GetButtons                    
00002035  PCcommunication               
000020bf  LEDTASK                       
0000218d  CANIntHandler                 
000024c9  UART_Init                     
000026f1  UART0_SendByte                
0000270d  UART0_ReceiveByte             
00002729  UART0_SendString              
00002759  UART0_ReceiveString           
00002791  UART0_SendData                
000027e5  UART0_ReceiveData             
0000286d  Dio_Init                      
00002891  Dio_WriteChannel              
00002971  Dio_ReadChannel               
00002a4b  Dio_FlipChannel               
00002b61  Dio_ReadChannelGroup          
00002c23  Dio_WriteChannelGroup         
00002cf5  ADC_Init_Start                
00002f4b  ADC_Read                      
00002fcb  ADC_Read_Volt                 
00003081  reverse                       
000030d3  intToAsciiAndSendPC           
0000313d  floatToAsciiAndSendPC         
0000322b  sendPC                        
0000323d  GPIOPadConfigSet              
000033a9  __aeabi_ddiv                  
000034df  CANMessageSet                 
00003611  delay_n                       
00003635  eeprom_start                  
0000369d  eeprom_error_recovery         
000036ad  eeprom_init                   
000036c3  eeprom_write                  
000036f3  eeprom_read                   
00003741  SysCtlClockGet                
00003859  CANMessageGet                 
0000396f  __aeabi_dmul                  
00003a6d  SysCtlClockSet                
00003b61  task_init                     
00003b95  OS_start                      
00003bff  Os_NewTimerTick               
00003c41  Systick_INIT                  
00003c8d  Systick_delay                 
00003cc9  SysTick_Stop                  
00003cd1  SysTick_SetCallBack           
00003ce1  SysTick_Handler               
00003d05  __aeabi_memcpy                
00003d05  __aeabi_memcpy4               
00003d05  __aeabi_memcpy8               
00003d05  memcpy                        
00003da1  __aeabi_cdcmpeq               
00003da1  __aeabi_cdcmple               
00003e27  __aeabi_cdrcmple              
00003ead  delay_timerA                  
00003f31  caninit                       
00003f83  SimpleDelay                   
00003fb1  Mcu_Init                      
00003fe9  BusFault_Init                 
00004005  Bus_Fault_Handler             
00004029  Button_getState               
00004051  get_input                     
000040a1  CANBitRateSet                 
0000410d  white_led                     
0000412d  blue_led                      
0000413d  Red_led                       
0000414d  green_led                     
0000415d  clear_leds                    
00004179  IntEnable                     
000041e1  __TI_decompress_lzss          
00004249  GPIOPinConfigure              
00004295  __TI_auto_init_nobinit_nopinit
000042d9  __aeabi_d2uiz                 
0000431d  CANStatusGet                  
0000435d  CANInit                       
00004399  SysCtlPeripheralEnable        
000043cd  _c_int00_noargs               
00004401  GPIODirModeSet                
0000447b  CANIntClear                   
0000449d  CANIntStatus                  
000044bd  __aeabi_ui2d                  
000044dd  __TI_zero_init_nomemset       
000044f9  Det_ReportError               
0000450f  GPIOPinTypeCAN                
00004525  main                          
00004537  __TI_decompress_none          
00004545  ResetISR                      
00004551  CANEnable                     
0000455b  CANIntEnable                  
00004563  SysCtlDelay                   
00004569  _system_pre_init              
0000456d  C$$EXIT                       
0000456d  abort                         
0000466c  Port_Configuration            
000046e8  Dio_Configuration             
00004728  __TI_Handler_Table_Base       
00004734  __TI_Handler_Table_Limit      
00004740  __TI_CINIT_Base               
00004750  __TI_CINIT_Limit              
20000000  __stack                       
20000000  __start___llvm_prf_cnts       
20000000  __stop___llvm_prf_cnts        
20000200  __STACK_END                   
20000200  __STACK_TOP                   
20000200  array                         
20000230  ButtonMsg                     
20000244  KeepAliveMessage              
20000258  VoltageMsg                    
2000026c  sCANMessage                   
20000280  pui8ButtonData                
20000288  pui8MsgData                   
20000290  pui8VoltageData               
20000298  t_identifier                  
200002a0  pui8KeepAliveData             
200002a4  ui32KeepAliveData             
200002a8  g_ui32MsgCount                
200002ac  g_bErrFlag                    
200002b0  TempRxFlag                    
200002b4  temperature                   
200002b8  voltagevalue                  
200002bc  memoryerror                   
200002be  KeepAliveError                
200002c0  TempErrorCounter              
200002c2  SystemfaultErrorCounter       
200002c4  KeepAliveErrorCounter         
200002c6  OverheatErrorCounter          
200002c8  systemState                   
200002cc  ledState                      
200002ce  buttonState                   
200002d0  keepaliveTimer                
200002d2  overheatTimer                 
200002d4  systemfaultTimer              
200002d8  KeepAliveSent                 
200002dc  Ecu2Buttons                   
200002dd  ADC_Configuartions            
200002e0  ADC_ACTSS_R_ptr               
200002e4  ADC_EMUX_R_ptr                
200002e8  ADC_SSMUX3_R_ptr              
200002ec  ADC_SSCTL3_R_ptr              
200002f0  ADC_IM_R_ptr                  
200002f4  ADC_SSFIFO3_R_ptr             
200002f8  ADC_PSSI_R_ptr                
200002fc  ADC_RIS_R_ptr                 
20000300  ADC_ISC_R_ptr                 
20000304  systick_counter               
20000308  systick_flag                  
20000310  task_i                        
20000314  i                             
20000318  UART_PBConfiguration          
20000326  config_systick_timer          
ffffffff  __TI_pprof_out_hndl           
ffffffff  __TI_prof_data_size           
ffffffff  __TI_prof_data_start          
ffffffff  __binit__                     
ffffffff  __c_args__                    
ffffffff  binit                         
UNDEFED   __mpu_init                    
UNDEFED   _system_post_cinit            

[167 symbols]
