******************************************************************************
                  TI ARM Linker PC v20.2.7                     
******************************************************************************
>> Linked Mon Jan  8 20:55:49 2024

OUTPUT FILE NAME:   <final_project.out>
ENTRY POINT SYMBOL: "_c_int00_noargs"  address: 00002e29


MEMORY CONFIGURATION

         name            origin    length      used     unused   attr    fill
----------------------  --------  ---------  --------  --------  ----  --------
  FLASH                 00000000   00040000  00002f54  0003d0ac  R  X
  SRAM                  20000000   00008000  000002a5  00007d5b  RW X


SEGMENT ALLOCATION MAP

run origin  load origin   length   init length attrs members
----------  ----------- ---------- ----------- ----- -------
00000000    00000000    00002f58   00002f58    r-x
  00000000    00000000    0000026c   0000026c    r-- .intvecs
  0000026c    0000026c    00002c56   00002c56    r-x .text
  00002ec2    00002ec2    00000052   00000052    r-- .const
  00002f18    00002f18    00000040   00000040    r-- .cinit
20000000    20000000    000002a5   00000000    rw-
  20000000    20000000    00000200   00000000    rw- .stack
  20000200    20000200    00000058   00000000    rw- .bss
  20000258    20000258    0000004d   00000000    rw- .data


SECTION ALLOCATION MAP

 output                                  attributes/
section   page    origin      length       input sections
--------  ----  ----------  ----------   ----------------
.intvecs   0    00000000    0000026c     
                  00000000    0000026c     tm4c123gh6pm_startup_ccs.obj (.intvecs)

.text      0    0000026c    00002c56     
                  0000026c    00001876     Port.obj (.text)
                  00001ae2    00000002     --HOLE-- [fill = 0]
                  00001ae4    000004bc     UART.obj (.text)
                  00001fa0    00000488     Dio.obj (.text)
                  00002428    00000354     adc.obj (.text)
                  0000277c    000000e0     scheduler.obj (.text)
                  0000285c    000000c8     comm_pc.obj (.text)
                  00002924    000000c4     SysTick.obj (.text)
                  000029e8    000000c0     app.obj (.text)
                  00002aa8    0000009c     rtsv7M4_T_le_v4SPD16_eabi.lib : memcpy_t2.asm.obj (.text)
                  00002b44    00000084     Gpt.obj (.text)
                  00002bc8    00000076     button.obj (.text)
                  00002c3e    00000002     --HOLE-- [fill = 0]
                  00002c40    00000070     Mcu.obj (.text)
                  00002cb0    0000006c     led.obj (.text)
                  00002d1c    00000068     rtsv7M4_T_le_v4SPD16_eabi.lib : copy_decompress_lzss.c.obj (.text:decompress:lzss:__TI_decompress_lzss)
                  00002d84    0000005e     temp_sen.obj (.text)
                  00002de2    00000002     --HOLE-- [fill = 0]
                  00002de4    00000044     rtsv7M4_T_le_v4SPD16_eabi.lib : autoinit.c.obj (.text:__TI_auto_init_nobinit_nopinit:__TI_auto_init_nobinit_nopinit)
                  00002e28    00000034                                   : boot_cortex_m.c.obj (.text:_c_int00_noargs:_c_int00_noargs)
                  00002e5c    0000001c                                   : copy_zero_init.c.obj (.text:decompress:ZI:__TI_zero_init_nomemset:__TI_zero_init_nomemset)
                  00002e78    00000016     Det.obj (.text)
                  00002e8e    00000012     main.obj (.text)
                  00002ea0    0000000e     rtsv7M4_T_le_v4SPD16_eabi.lib : copy_decompress_none.c.obj (.text:decompress:none:__TI_decompress_none)
                  00002eae    0000000c     tm4c123gh6pm_startup_ccs.obj (.text)
                  00002eba    00000004     rtsv7M4_T_le_v4SPD16_eabi.lib : pre_init.c.obj (.text:_system_pre_init)
                  00002ebe    00000004                                   : exit.c.obj (.text:abort:abort)

.const     0    00002ec2    00000052     
                  00002ec2    00000048     Port_PBcfg.obj (.const:Port_Configuration)
                  00002f0a    0000000a     Dio_PBcfg.obj (.const:Dio_Configuration)

.cinit     0    00002f18    00000040     
                  00002f18    0000001c     (.cinit..data.load) [load image, compression = lzss]
                  00002f34    0000000c     (__TI_handler_table)
                  00002f40    00000008     (.cinit..bss.load) [load image, compression = zero_init]
                  00002f48    00000010     (__TI_cinit_table)

.init_array 
*          0    00000000    00000000     UNINITIALIZED

.bss       0    20000200    00000058     UNINITIALIZED
                  20000200    00000050     (.common:array)
                  20000250    00000008     (.common:t_identifier)

.data      0    20000258    0000004d     UNINITIALIZED
                  20000258    00000024     adc.obj (.data)
                  2000027c    0000000c     SysTick.obj (.data)
                  20000288    00000008     scheduler.obj (.data)
                  20000290    00000006     UART_PBcfg.obj (.data:UART_PBConfiguration)
                  20000296    00000001     Port.obj (.data)
                  20000297    00000001     --HOLE--
                  20000298    00000005     Dio.obj (.data)
                  2000029d    00000001     --HOLE--
                  2000029e    00000004     Systick_cfg.obj (.data:config_systick_timer)
                  200002a2    00000003     adc_cfg.obj (.data:ADC_Configuartions)

.stack     0    20000000    00000200     UNINITIALIZED
                  20000000    00000004     rtsv7M4_T_le_v4SPD16_eabi.lib : boot_cortex_m.c.obj (.stack)
                  20000004    000001fc     --HOLE--

__llvm_prf_cnts 
*          0    20000000    00000000     UNINITIALIZED

MODULE SUMMARY

       Module                         code    ro data   rw data
       ------                         ----    -------   -------
    .\
       Port.obj                       6262    0         1      
       UART.obj                       1212    0         0      
       Dio.obj                        1160    0         5      
       adc.obj                        852     0         36     
       tm4c123gh6pm_startup_ccs.obj   12      620       0      
       scheduler.obj                  224     0         96     
       SysTick.obj                    196     0         12     
       comm_pc.obj                    200     0         0      
       app.obj                        192     0         0      
       Gpt.obj                        132     0         0      
       button.obj                     118     0         0      
       Mcu.obj                        112     0         0      
       led.obj                        108     0         0      
       temp_sen.obj                   94      0         0      
       Port_PBcfg.obj                 0       72        0      
       Det.obj                        22      0         0      
       main.obj                       18      0         0      
       Dio_PBcfg.obj                  0       10        0      
       UART_PBcfg.obj                 0       0         6      
       Systick_cfg.obj                0       0         4      
       adc_cfg.obj                    0       0         3      
    +--+------------------------------+-------+---------+---------+
       Total:                         10914   702       163    
                                                               
    C:\ti\ccs1250\ccs\tools\compiler\ti-cgt-arm_20.2.7.LTS\lib\rtsv7M4_T_le_v4SPD16_eabi.lib
       memcpy_t2.asm.obj              156     0         0      
       copy_decompress_lzss.c.obj     104     0         0      
       autoinit.c.obj                 68      0         0      
       boot_cortex_m.c.obj            52      0         0      
       copy_zero_init.c.obj           28      0         0      
       copy_decompress_none.c.obj     14      0         0      
       exit.c.obj                     4       0         0      
       pre_init.c.obj                 4       0         0      
    +--+------------------------------+-------+---------+---------+
       Total:                         430     0         0      
                                                               
       Stack:                         0       0         512    
       Linker Generated:              0       64        0      
    +--+------------------------------+-------+---------+---------+
       Grand Total:                   11344   766       675    


LINKER GENERATED COPY TABLES

__TI_cinit_table @ 00002f48 records: 2, size/record: 8, table size: 16
	.data: load addr=00002f18, load size=0000001c bytes, run addr=20000258, run size=0000004d bytes, compression=lzss
	.bss: load addr=00002f40, load size=00000008 bytes, run addr=20000200, run size=00000058 bytes, compression=zero_init


LINKER GENERATED HANDLER TABLE

__TI_handler_table @ 00002f34 records: 3, size/record: 4, table size: 12
	index: 0, handler: __TI_decompress_lzss
	index: 1, handler: __TI_decompress_none
	index: 2, handler: __TI_zero_init


GLOBAL SYMBOLS: SORTED ALPHABETICALLY BY Name 

address   name                          
-------   ----                          
20000258  ADC_ACTSS_R_ptr               
200002a2  ADC_Configuartions            
2000025c  ADC_EMUX_R_ptr                
20000268  ADC_IM_R_ptr                  
20000278  ADC_ISC_R_ptr                 
00002429  ADC_Init_Start                
20000270  ADC_PSSI_R_ptr                
20000274  ADC_RIS_R_ptr                 
0000267f  ADC_Read                      
20000264  ADC_SSCTL3_R_ptr              
2000026c  ADC_SSFIFO3_R_ptr             
20000260  ADC_SSMUX3_R_ptr              
000029e9  App_init                      
00002c71  BusFault_Init                 
00002c8d  Bus_Fault_Handler             
00002bc9  Button_getState               
00002ebf  C$$EXIT                       
00002e79  Det_ReportError               
00002f0a  Dio_Configuration             
0000217f  Dio_FlipChannel               
00001fa1  Dio_Init                      
000020a5  Dio_ReadChannel               
00002295  Dio_ReadChannelGroup          
00001fc5  Dio_WriteChannel              
00002357  Dio_WriteChannelGroup         
00002c41  Mcu_Init                      
000027b1  OS_start                      
0000281b  Os_NewTimerTick               
00002ec2  Port_Configuration            
0000026d  Port_Init                     
00000c4b  Port_RefreshPortDirection     
000007af  Port_SetPinDirection          
00000e15  Port_SetPinMode               
00002ce1  Red_led                       
00002eaf  ResetISR                      
000029c5  SysTick_Handler               
000029b5  SysTick_SetCallBack           
000029ad  SysTick_Stop                  
00002925  Systick_INIT                  
00002971  Systick_delay                 
00001e41  UART0_ReceiveByte             
00001f19  UART0_ReceiveData             
00001e8d  UART0_ReceiveString           
00001e25  UART0_SendByte                
00001ec5  UART0_SendData                
00001e5d  UART0_SendString              
00001bfd  UART_Init                     
20000290  UART_PBConfiguration          
20000200  __STACK_END                   
00000200  __STACK_SIZE                  
20000200  __STACK_TOP                   
00002f48  __TI_CINIT_Base               
00002f58  __TI_CINIT_Limit              
00002f34  __TI_Handler_Table_Base       
00002f40  __TI_Handler_Table_Limit      
00002de5  __TI_auto_init_nobinit_nopinit
00002d1d  __TI_decompress_lzss          
00002ea1  __TI_decompress_none          
ffffffff  __TI_pprof_out_hndl           
ffffffff  __TI_prof_data_size           
ffffffff  __TI_prof_data_start          
00000000  __TI_static_base__            
00002e5d  __TI_zero_init_nomemset       
00002aa9  __aeabi_memcpy                
00002aa9  __aeabi_memcpy4               
00002aa9  __aeabi_memcpy8               
ffffffff  __binit__                     
ffffffff  __c_args__                    
UNDEFED   __mpu_init                    
20000000  __stack                       
20000000  __start___llvm_prf_cnts       
20000000  __stop___llvm_prf_cnts        
00002e29  _c_int00_noargs               
UNDEFED   _system_post_cinit            
00002ebb  _system_pre_init              
00002ebf  abort                         
20000200  array                         
ffffffff  binit                         
00002cd1  blue_led                      
00002d01  clear_leds                    
2000029e  config_systick_timer          
00002b45  delay_timerA                  
00000000  g_pfnVectors                  
00002bf1  get_input                     
00002cf1  green_led                     
2000028c  i                             
000028af  intToAsciiAndSendPC           
00002e8f  main                          
00002aa9  memcpy                        
0000285d  reverse                       
00002919  sendPC                        
2000027c  systick_counter               
20000280  systick_flag                  
20000250  t_identifier                  
20000288  task_i                        
0000277d  task_init                     
00002d85  temperatureSensorRead         
000029f5  test_task_1                   
00002a15  test_task_2                   
00002a23  test_task_3                   
00002cb1  white_led                     


GLOBAL SYMBOLS: SORTED BY Symbol Address 

address   name                          
-------   ----                          
00000000  __TI_static_base__            
00000000  g_pfnVectors                  
00000200  __STACK_SIZE                  
0000026d  Port_Init                     
000007af  Port_SetPinDirection          
00000c4b  Port_RefreshPortDirection     
00000e15  Port_SetPinMode               
00001bfd  UART_Init                     
00001e25  UART0_SendByte                
00001e41  UART0_ReceiveByte             
00001e5d  UART0_SendString              
00001e8d  UART0_ReceiveString           
00001ec5  UART0_SendData                
00001f19  UART0_ReceiveData             
00001fa1  Dio_Init                      
00001fc5  Dio_WriteChannel              
000020a5  Dio_ReadChannel               
0000217f  Dio_FlipChannel               
00002295  Dio_ReadChannelGroup          
00002357  Dio_WriteChannelGroup         
00002429  ADC_Init_Start                
0000267f  ADC_Read                      
0000277d  task_init                     
000027b1  OS_start                      
0000281b  Os_NewTimerTick               
0000285d  reverse                       
000028af  intToAsciiAndSendPC           
00002919  sendPC                        
00002925  Systick_INIT                  
00002971  Systick_delay                 
000029ad  SysTick_Stop                  
000029b5  SysTick_SetCallBack           
000029c5  SysTick_Handler               
000029e9  App_init                      
000029f5  test_task_1                   
00002a15  test_task_2                   
00002a23  test_task_3                   
00002aa9  __aeabi_memcpy                
00002aa9  __aeabi_memcpy4               
00002aa9  __aeabi_memcpy8               
00002aa9  memcpy                        
00002b45  delay_timerA                  
00002bc9  Button_getState               
00002bf1  get_input                     
00002c41  Mcu_Init                      
00002c71  BusFault_Init                 
00002c8d  Bus_Fault_Handler             
00002cb1  white_led                     
00002cd1  blue_led                      
00002ce1  Red_led                       
00002cf1  green_led                     
00002d01  clear_leds                    
00002d1d  __TI_decompress_lzss          
00002d85  temperatureSensorRead         
00002de5  __TI_auto_init_nobinit_nopinit
00002e29  _c_int00_noargs               
00002e5d  __TI_zero_init_nomemset       
00002e79  Det_ReportError               
00002e8f  main                          
00002ea1  __TI_decompress_none          
00002eaf  ResetISR                      
00002ebb  _system_pre_init              
00002ebf  C$$EXIT                       
00002ebf  abort                         
00002ec2  Port_Configuration            
00002f0a  Dio_Configuration             
00002f34  __TI_Handler_Table_Base       
00002f40  __TI_Handler_Table_Limit      
00002f48  __TI_CINIT_Base               
00002f58  __TI_CINIT_Limit              
20000000  __stack                       
20000000  __start___llvm_prf_cnts       
20000000  __stop___llvm_prf_cnts        
20000200  __STACK_END                   
20000200  __STACK_TOP                   
20000200  array                         
20000250  t_identifier                  
20000258  ADC_ACTSS_R_ptr               
2000025c  ADC_EMUX_R_ptr                
20000260  ADC_SSMUX3_R_ptr              
20000264  ADC_SSCTL3_R_ptr              
20000268  ADC_IM_R_ptr                  
2000026c  ADC_SSFIFO3_R_ptr             
20000270  ADC_PSSI_R_ptr                
20000274  ADC_RIS_R_ptr                 
20000278  ADC_ISC_R_ptr                 
2000027c  systick_counter               
20000280  systick_flag                  
20000288  task_i                        
2000028c  i                             
20000290  UART_PBConfiguration          
2000029e  config_systick_timer          
200002a2  ADC_Configuartions            
ffffffff  __TI_pprof_out_hndl           
ffffffff  __TI_prof_data_size           
ffffffff  __TI_prof_data_start          
ffffffff  __binit__                     
ffffffff  __c_args__                    
ffffffff  binit                         
UNDEFED   __mpu_init                    
UNDEFED   _system_post_cinit            

[101 symbols]
